Last login: Mon Jan  8 10:32:56 on ttys002
baruchmr@MacBook-Air-de-Baruch ~ % npm create vite@latest
Need to install the following packages:
create-vite@5.1.0
Ok to proceed? (y) 
✔ Project name: … ... reac_01
✔ Package name: … react_01
✔ Select a framework: › React
✔ Select a variant: › JavaScript

Scaffolding project in /Users/baruchmr/... reac_01...

Done. Now run:

  cd "... reac_01"
  npm install
  npm run dev

baruchmr@MacBook-Air-de-Baruch ~ % cd "... reac_01"
baruchmr@MacBook-Air-de-Baruch ... reac_01 % npm install
npm WARN ERESOLVE overriding peer dependency
npm WARN While resolving: acorn-jsx@5.3.2
npm WARN Found: acorn@undefined
npm WARN node_modules/acorn
npm WARN 
npm WARN Could not resolve dependency:
npm WARN peer acorn@"^6.0.0 || ^7.0.0 || ^8.0.0" from acorn-jsx@5.3.2
npm WARN node_modules/acorn-jsx
npm WARN   acorn-jsx@"^5.3.2" from espree@9.6.1
npm WARN   node_modules/espree
npm ERR! code EEXIST
npm ERR! syscall mkdir
npm ERR! path /Users/baruchmr/.npm/_cacache/content-v2/sha512/68/c7
npm ERR! errno EEXIST
npm ERR! Invalid response body while trying to fetch https://registry.npmjs.org/@babel%2fhelpers: EACCES: permission denied, mkdir '/Users/baruchmr/.npm/_cacache/content-v2/sha512/68/c7'
npm ERR! File exists: /Users/baruchmr/.npm/_cacache/content-v2/sha512/68/c7
npm ERR! Remove the existing file and try again, or run npm
npm ERR! with --force to overwrite files recklessly.

npm ERR! A complete log of this run can be found in: /Users/baruchmr/.npm/_logs/2024-01-08T22_29_14_576Z-debug-0.log
baruchmr@MacBook-Air-de-Baruch ... reac_01 % sudo npm install
Password:

added 271 packages, and audited 272 packages in 6s

97 packages are looking for funding
  run `npm fund` for details

found 0 vulnerabilities
baruchmr@MacBook-Air-de-Baruch ... reac_01 % npm run dev

> react_01@0.0.0 dev
> vite


  VITE v5.0.11  ready in 426 ms

  ➜  Local:   http://localhost:5173/
  ➜  Network: use --host to expose
  ➜  press h + enter to show help
Error: EACCES: permission denied, mkdir '/Users/baruchmr/... reac_01/node_modules/.vite/deps_temp_cafdf225'
    at Object.mkdirSync (node:fs:1380:26)
    at runOptimizeDeps (file:///Users/baruchmr/...%20reac_01/node_modules/vite/dist/node/chunks/dep-V3BH7oO1.js:65545:10)
    at file:///Users/baruchmr/...%20reac_01/node_modules/vite/dist/node/chunks/dep-V3BH7oO1.js:64918:46
    at process.processTicksAndRejections (node:internal/process/task_queues:95:5)

^C                  
baruchmr@MacBook-Air-de-Baruch ... reac_01 % sudo npm run dev
Password:

> react_01@0.0.0 dev
> vite


  VITE v5.0.11  ready in 193 ms

  ➜  Local:   http://localhost:5173/
  ➜  Network: use --host to expose
  ➜  press h + enter to show help
^C
baruchmr@MacBook-Air-de-Baruch ... reac_01 % cd ..
baruchmr@MacBook-Air-de-Baruch ~ % ls
Desktop		Downloads	Movies		Pictures
Documents	Library		Music		Public
baruchmr@MacBook-Air-de-Baruch ~ % cd desktop
baruchmr@MacBook-Air-de-Baruch desktop % ls
CH35			Ejercicios-funciones	HTML
CSS-Intro		Generation JS		JavaScript
CSS-proyecto		GitHub-Colaborativo	React
DeVortex		GitHubColab-Baruch
baruchmr@MacBook-Air-de-Baruch desktop % cd javascript
baruchmr@MacBook-Air-de-Baruch javascript % cd ..
baruchmr@MacBook-Air-de-Baruch desktop % cd react
baruchmr@MacBook-Air-de-Baruch react % npm create vite@latest
✔ Project name: … react_01
✔ Select a framework: › React
✔ Select a variant: › JavaScript

Scaffolding project in /Users/baruchmr/Desktop/React/react_01...

Done. Now run:

  cd react_01
  npm install
  npm run dev

baruchmr@MacBook-Air-de-Baruch react % cd react_01
baruchmr@MacBook-Air-de-Baruch react_01 % sudo npm install
Password:

added 271 packages, and audited 272 packages in 11s

97 packages are looking for funding
  run `npm fund` for details

found 0 vulnerabilities
baruchmr@MacBook-Air-de-Baruch react_01 % sudo npm run dev

> react_01@0.0.0 dev
> vite


  VITE v5.0.11  ready in 356 ms

  ➜  Local:   http://localhost:5173/
  ➜  Network: use --host to expose
  ➜  press h + enter to show help
5:00:28 PM [vite] hmr update /src/App.jsx
5:00:28 PM [vite] Internal server error: /Users/baruchmr/Desktop/React/react_01/src/App.jsx: Adjacent JSX elements must be wrapped in an enclosing tag. Did you want a JSX fragment <>...</>? (24:8)

  22 |           count is {count}
  23 |         </button>
> 24 |         <p>
     |         ^
  25 |           Edit <code>src/App.jsx</code> and save to test HMR
  26 |         </p>
  27 |       </div>
  Plugin: vite:react-babel
  File: /Users/baruchmr/Desktop/React/react_01/src/App.jsx:24:8
  22 |            count is {count}
  23 |          </button>
  24 |          <p>
     |          ^
  25 |            Edit <code>src/App.jsx</code> and save to test HMR
  26 |          </p>
      at constructor (/Users/baruchmr/Desktop/React/react_01/node_modules/@babel/parser/lib/index.js:356:19)
      at JSXParserMixin.raise (/Users/baruchmr/Desktop/React/react_01/node_modules/@babel/parser/lib/index.js:3223:19)
      at JSXParserMixin.jsxParseElementAt (/Users/baruchmr/Desktop/React/react_01/node_modules/@babel/parser/lib/index.js:6906:18)
      at JSXParserMixin.jsxParseElement (/Users/baruchmr/Desktop/React/react_01/node_modules/@babel/parser/lib/index.js:6915:17)
      at JSXParserMixin.parseExprAtom (/Users/baruchmr/Desktop/React/react_01/node_modules/@babel/parser/lib/index.js:6927:19)
      at JSXParserMixin.parseExprSubscripts (/Users/baruchmr/Desktop/React/react_01/node_modules/@babel/parser/lib/index.js:10857:23)
      at JSXParserMixin.parseUpdate (/Users/baruchmr/Desktop/React/react_01/node_modules/@babel/parser/lib/index.js:10840:21)
      at JSXParserMixin.parseMaybeUnary (/Users/baruchmr/Desktop/React/react_01/node_modules/@babel/parser/lib/index.js:10816:23)
      at JSXParserMixin.parseMaybeUnaryOrPrivate (/Users/baruchmr/Desktop/React/react_01/node_modules/@babel/parser/lib/index.js:10654:61)
      at JSXParserMixin.parseExprOps (/Users/baruchmr/Desktop/React/react_01/node_modules/@babel/parser/lib/index.js:10659:23)
      at JSXParserMixin.parseMaybeConditional (/Users/baruchmr/Desktop/React/react_01/node_modules/@babel/parser/lib/index.js:10636:23)
      at JSXParserMixin.parseMaybeAssign (/Users/baruchmr/Desktop/React/react_01/node_modules/@babel/parser/lib/index.js:10597:21)
      at JSXParserMixin.parseExpressionBase (/Users/baruchmr/Desktop/React/react_01/node_modules/@babel/parser/lib/index.js:10551:23)
      at /Users/baruchmr/Desktop/React/react_01/node_modules/@babel/parser/lib/index.js:10547:39
      at JSXParserMixin.allowInAnd (/Users/baruchmr/Desktop/React/react_01/node_modules/@babel/parser/lib/index.js:12284:12)
      at JSXParserMixin.parseExpression (/Users/baruchmr/Desktop/React/react_01/node_modules/@babel/parser/lib/index.js:10547:17)
      at JSXParserMixin.jsxParseExpressionContainer (/Users/baruchmr/Desktop/React/react_01/node_modules/@babel/parser/lib/index.js:6792:31)
      at JSXParserMixin.jsxParseElementAt (/Users/baruchmr/Desktop/React/react_01/node_modules/@babel/parser/lib/index.js:6871:36)
      at JSXParserMixin.jsxParseElementAt (/Users/baruchmr/Desktop/React/react_01/node_modules/@babel/parser/lib/index.js:6858:32)
      at JSXParserMixin.jsxParseElement (/Users/baruchmr/Desktop/React/react_01/node_modules/@babel/parser/lib/index.js:6915:17)
      at JSXParserMixin.parseExprAtom (/Users/baruchmr/Desktop/React/react_01/node_modules/@babel/parser/lib/index.js:6927:19)
      at JSXParserMixin.parseExprSubscripts (/Users/baruchmr/Desktop/React/react_01/node_modules/@babel/parser/lib/index.js:10857:23)
      at JSXParserMixin.parseUpdate (/Users/baruchmr/Desktop/React/react_01/node_modules/@babel/parser/lib/index.js:10840:21)
      at JSXParserMixin.parseMaybeUnary (/Users/baruchmr/Desktop/React/react_01/node_modules/@babel/parser/lib/index.js:10816:23)
      at JSXParserMixin.parseMaybeUnaryOrPrivate (/Users/baruchmr/Desktop/React/react_01/node_modules/@babel/parser/lib/index.js:10654:61)
      at JSXParserMixin.parseExprOps (/Users/baruchmr/Desktop/React/react_01/node_modules/@babel/parser/lib/index.js:10659:23)
      at JSXParserMixin.parseMaybeConditional (/Users/baruchmr/Desktop/React/react_01/node_modules/@babel/parser/lib/index.js:10636:23)
      at JSXParserMixin.parseMaybeAssign (/Users/baruchmr/Desktop/React/react_01/node_modules/@babel/parser/lib/index.js:10597:21)
      at /Users/baruchmr/Desktop/React/react_01/node_modules/@babel/parser/lib/index.js:10567:39
      at JSXParserMixin.allowInAnd (/Users/baruchmr/Desktop/React/react_01/node_modules/@babel/parser/lib/index.js:12284:12)
      at JSXParserMixin.parseMaybeAssignAllowIn (/Users/baruchmr/Desktop/React/react_01/node_modules/@babel/parser/lib/index.js:10567:17)
      at JSXParserMixin.parseParenAndDistinguishExpression (/Users/baruchmr/Desktop/React/react_01/node_modules/@babel/parser/lib/index.js:11499:28)
      at JSXParserMixin.parseExprAtom (/Users/baruchmr/Desktop/React/react_01/node_modules/@babel/parser/lib/index.js:11137:23)
      at JSXParserMixin.parseExprAtom (/Users/baruchmr/Desktop/React/react_01/node_modules/@babel/parser/lib/index.js:6932:20)
      at JSXParserMixin.parseExprSubscripts (/Users/baruchmr/Desktop/React/react_01/node_modules/@babel/parser/lib/index.js:10857:23)
      at JSXParserMixin.parseUpdate (/Users/baruchmr/Desktop/React/react_01/node_modules/@babel/parser/lib/index.js:10840:21)
      at JSXParserMixin.parseMaybeUnary (/Users/baruchmr/Desktop/React/react_01/node_modules/@babel/parser/lib/index.js:10816:23)
      at JSXParserMixin.parseMaybeUnaryOrPrivate (/Users/baruchmr/Desktop/React/react_01/node_modules/@babel/parser/lib/index.js:10654:61)
      at JSXParserMixin.parseExprOps (/Users/baruchmr/Desktop/React/react_01/node_modules/@babel/parser/lib/index.js:10659:23)
      at JSXParserMixin.parseMaybeConditional (/Users/baruchmr/Desktop/React/react_01/node_modules/@babel/parser/lib/index.js:10636:23)
      at JSXParserMixin.parseMaybeAssign (/Users/baruchmr/Desktop/React/react_01/node_modules/@babel/parser/lib/index.js:10597:21)
      at JSXParserMixin.parseExpressionBase (/Users/baruchmr/Desktop/React/react_01/node_modules/@babel/parser/lib/index.js:10551:23)
      at /Users/baruchmr/Desktop/React/react_01/node_modules/@babel/parser/lib/index.js:10547:39
      at JSXParserMixin.allowInAnd (/Users/baruchmr/Desktop/React/react_01/node_modules/@babel/parser/lib/index.js:12279:16)
      at JSXParserMixin.parseExpression (/Users/baruchmr/Desktop/React/react_01/node_modules/@babel/parser/lib/index.js:10547:17)
      at JSXParserMixin.parseReturnStatement (/Users/baruchmr/Desktop/React/react_01/node_modules/@babel/parser/lib/index.js:13003:28)
      at JSXParserMixin.parseStatementContent (/Users/baruchmr/Desktop/React/react_01/node_modules/@babel/parser/lib/index.js:12621:21)
      at JSXParserMixin.parseStatementLike (/Users/baruchmr/Desktop/React/react_01/node_modules/@babel/parser/lib/index.js:12588:17)
      at JSXParserMixin.parseStatementListItem (/Users/baruchmr/Desktop/React/react_01/node_modules/@babel/parser/lib/index.js:12568:17)
      at JSXParserMixin.parseBlockOrModuleBlockBody (/Users/baruchmr/Desktop/React/react_01/node_modules/@babel/parser/lib/index.js:13189:61)
5:00:30 PM [vite] hmr update /src/App.jsx
5:00:30 PM [vite] Internal server error: /Users/baruchmr/Desktop/React/react_01/src/App.jsx: Unexpected token (21:9)

  19 |       <h1>Vite + React</h1>
  20 |       <div className="card">
> 21 |         {*<button onClick={() => setCount((count) => count + 1)}>
     |          ^
  22 |           count is {count}
  23 |         </button>
  24 |         <p>
  Plugin: vite:react-babel
  File: /Users/baruchmr/Desktop/React/react_01/src/App.jsx:21:9
  19 |        <h1>Vite + React</h1>
  20 |        <div className="card">
  21 |          {*<button onClick={() => setCount((count) => count + 1)}>
     |           ^
  22 |            count is {count}
  23 |          </button>
      at constructor (/Users/baruchmr/Desktop/React/react_01/node_modules/@babel/parser/lib/index.js:356:19)
      at JSXParserMixin.raise (/Users/baruchmr/Desktop/React/react_01/node_modules/@babel/parser/lib/index.js:3223:19)
      at JSXParserMixin.unexpected (/Users/baruchmr/Desktop/React/react_01/node_modules/@babel/parser/lib/index.js:3253:16)
      at JSXParserMixin.parseExprAtom (/Users/baruchmr/Desktop/React/react_01/node_modules/@babel/parser/lib/index.js:11257:16)
      at JSXParserMixin.parseExprAtom (/Users/baruchmr/Desktop/React/react_01/node_modules/@babel/parser/lib/index.js:6932:20)
      at JSXParserMixin.parseExprSubscripts (/Users/baruchmr/Desktop/React/react_01/node_modules/@babel/parser/lib/index.js:10857:23)
      at JSXParserMixin.parseUpdate (/Users/baruchmr/Desktop/React/react_01/node_modules/@babel/parser/lib/index.js:10840:21)
      at JSXParserMixin.parseMaybeUnary (/Users/baruchmr/Desktop/React/react_01/node_modules/@babel/parser/lib/index.js:10816:23)
      at JSXParserMixin.parseMaybeUnaryOrPrivate (/Users/baruchmr/Desktop/React/react_01/node_modules/@babel/parser/lib/index.js:10654:61)
      at JSXParserMixin.parseExprOps (/Users/baruchmr/Desktop/React/react_01/node_modules/@babel/parser/lib/index.js:10659:23)
      at JSXParserMixin.parseMaybeConditional (/Users/baruchmr/Desktop/React/react_01/node_modules/@babel/parser/lib/index.js:10636:23)
      at JSXParserMixin.parseMaybeAssign (/Users/baruchmr/Desktop/React/react_01/node_modules/@babel/parser/lib/index.js:10597:21)
      at JSXParserMixin.parseExpressionBase (/Users/baruchmr/Desktop/React/react_01/node_modules/@babel/parser/lib/index.js:10551:23)
      at /Users/baruchmr/Desktop/React/react_01/node_modules/@babel/parser/lib/index.js:10547:39
      at JSXParserMixin.allowInAnd (/Users/baruchmr/Desktop/React/react_01/node_modules/@babel/parser/lib/index.js:12284:12)
      at JSXParserMixin.parseExpression (/Users/baruchmr/Desktop/React/react_01/node_modules/@babel/parser/lib/index.js:10547:17)
      at JSXParserMixin.jsxParseExpressionContainer (/Users/baruchmr/Desktop/React/react_01/node_modules/@babel/parser/lib/index.js:6792:31)
      at JSXParserMixin.jsxParseElementAt (/Users/baruchmr/Desktop/React/react_01/node_modules/@babel/parser/lib/index.js:6871:36)
      at JSXParserMixin.jsxParseElementAt (/Users/baruchmr/Desktop/React/react_01/node_modules/@babel/parser/lib/index.js:6858:32)
      at JSXParserMixin.jsxParseElement (/Users/baruchmr/Desktop/React/react_01/node_modules/@babel/parser/lib/index.js:6915:17)
      at JSXParserMixin.parseExprAtom (/Users/baruchmr/Desktop/React/react_01/node_modules/@babel/parser/lib/index.js:6927:19)
      at JSXParserMixin.parseExprSubscripts (/Users/baruchmr/Desktop/React/react_01/node_modules/@babel/parser/lib/index.js:10857:23)
      at JSXParserMixin.parseUpdate (/Users/baruchmr/Desktop/React/react_01/node_modules/@babel/parser/lib/index.js:10840:21)
      at JSXParserMixin.parseMaybeUnary (/Users/baruchmr/Desktop/React/react_01/node_modules/@babel/parser/lib/index.js:10816:23)
      at JSXParserMixin.parseMaybeUnaryOrPrivate (/Users/baruchmr/Desktop/React/react_01/node_modules/@babel/parser/lib/index.js:10654:61)
      at JSXParserMixin.parseExprOps (/Users/baruchmr/Desktop/React/react_01/node_modules/@babel/parser/lib/index.js:10659:23)
      at JSXParserMixin.parseMaybeConditional (/Users/baruchmr/Desktop/React/react_01/node_modules/@babel/parser/lib/index.js:10636:23)
      at JSXParserMixin.parseMaybeAssign (/Users/baruchmr/Desktop/React/react_01/node_modules/@babel/parser/lib/index.js:10597:21)
      at /Users/baruchmr/Desktop/React/react_01/node_modules/@babel/parser/lib/index.js:10567:39
      at JSXParserMixin.allowInAnd (/Users/baruchmr/Desktop/React/react_01/node_modules/@babel/parser/lib/index.js:12284:12)
      at JSXParserMixin.parseMaybeAssignAllowIn (/Users/baruchmr/Desktop/React/react_01/node_modules/@babel/parser/lib/index.js:10567:17)
      at JSXParserMixin.parseParenAndDistinguishExpression (/Users/baruchmr/Desktop/React/react_01/node_modules/@babel/parser/lib/index.js:11499:28)
      at JSXParserMixin.parseExprAtom (/Users/baruchmr/Desktop/React/react_01/node_modules/@babel/parser/lib/index.js:11137:23)
      at JSXParserMixin.parseExprAtom (/Users/baruchmr/Desktop/React/react_01/node_modules/@babel/parser/lib/index.js:6932:20)
      at JSXParserMixin.parseExprSubscripts (/Users/baruchmr/Desktop/React/react_01/node_modules/@babel/parser/lib/index.js:10857:23)
      at JSXParserMixin.parseUpdate (/Users/baruchmr/Desktop/React/react_01/node_modules/@babel/parser/lib/index.js:10840:21)
      at JSXParserMixin.parseMaybeUnary (/Users/baruchmr/Desktop/React/react_01/node_modules/@babel/parser/lib/index.js:10816:23)
      at JSXParserMixin.parseMaybeUnaryOrPrivate (/Users/baruchmr/Desktop/React/react_01/node_modules/@babel/parser/lib/index.js:10654:61)
      at JSXParserMixin.parseExprOps (/Users/baruchmr/Desktop/React/react_01/node_modules/@babel/parser/lib/index.js:10659:23)
      at JSXParserMixin.parseMaybeConditional (/Users/baruchmr/Desktop/React/react_01/node_modules/@babel/parser/lib/index.js:10636:23)
      at JSXParserMixin.parseMaybeAssign (/Users/baruchmr/Desktop/React/react_01/node_modules/@babel/parser/lib/index.js:10597:21)
      at JSXParserMixin.parseExpressionBase (/Users/baruchmr/Desktop/React/react_01/node_modules/@babel/parser/lib/index.js:10551:23)
      at /Users/baruchmr/Desktop/React/react_01/node_modules/@babel/parser/lib/index.js:10547:39
      at JSXParserMixin.allowInAnd (/Users/baruchmr/Desktop/React/react_01/node_modules/@babel/parser/lib/index.js:12279:16)
      at JSXParserMixin.parseExpression (/Users/baruchmr/Desktop/React/react_01/node_modules/@babel/parser/lib/index.js:10547:17)
      at JSXParserMixin.parseReturnStatement (/Users/baruchmr/Desktop/React/react_01/node_modules/@babel/parser/lib/index.js:13003:28)
      at JSXParserMixin.parseStatementContent (/Users/baruchmr/Desktop/React/react_01/node_modules/@babel/parser/lib/index.js:12621:21)
      at JSXParserMixin.parseStatementLike (/Users/baruchmr/Desktop/React/react_01/node_modules/@babel/parser/lib/index.js:12588:17)
      at JSXParserMixin.parseStatementListItem (/Users/baruchmr/Desktop/React/react_01/node_modules/@babel/parser/lib/index.js:12568:17)
      at JSXParserMixin.parseBlockOrModuleBlockBody (/Users/baruchmr/Desktop/React/react_01/node_modules/@babel/parser/lib/index.js:13189:61)
5:00:33 PM [vite] hmr update /src/App.jsx
5:00:33 PM [vite] Internal server error: /Users/baruchmr/Desktop/React/react_01/src/App.jsx: Adjacent JSX elements must be wrapped in an enclosing tag. Did you want a JSX fragment <>...</>? (24:8)

  22 |           count is {count}
  23 |         </button>
> 24 |         <p>
     |         ^
  25 |           Edit <code>src/App.jsx</code> and save to test HMR
  26 |         </p>
  27 |       </div>
  Plugin: vite:react-babel
  File: /Users/baruchmr/Desktop/React/react_01/src/App.jsx:24:8
  22 |            count is {count}
  23 |          </button>
  24 |          <p>
     |          ^
  25 |            Edit <code>src/App.jsx</code> and save to test HMR
  26 |          </p>
      at constructor (/Users/baruchmr/Desktop/React/react_01/node_modules/@babel/parser/lib/index.js:356:19)
      at JSXParserMixin.raise (/Users/baruchmr/Desktop/React/react_01/node_modules/@babel/parser/lib/index.js:3223:19)
      at JSXParserMixin.jsxParseElementAt (/Users/baruchmr/Desktop/React/react_01/node_modules/@babel/parser/lib/index.js:6906:18)
      at JSXParserMixin.jsxParseElement (/Users/baruchmr/Desktop/React/react_01/node_modules/@babel/parser/lib/index.js:6915:17)
      at JSXParserMixin.parseExprAtom (/Users/baruchmr/Desktop/React/react_01/node_modules/@babel/parser/lib/index.js:6927:19)
      at JSXParserMixin.parseExprSubscripts (/Users/baruchmr/Desktop/React/react_01/node_modules/@babel/parser/lib/index.js:10857:23)
      at JSXParserMixin.parseUpdate (/Users/baruchmr/Desktop/React/react_01/node_modules/@babel/parser/lib/index.js:10840:21)
      at JSXParserMixin.parseMaybeUnary (/Users/baruchmr/Desktop/React/react_01/node_modules/@babel/parser/lib/index.js:10816:23)
      at JSXParserMixin.parseMaybeUnaryOrPrivate (/Users/baruchmr/Desktop/React/react_01/node_modules/@babel/parser/lib/index.js:10654:61)
      at JSXParserMixin.parseExprOps (/Users/baruchmr/Desktop/React/react_01/node_modules/@babel/parser/lib/index.js:10659:23)
      at JSXParserMixin.parseMaybeConditional (/Users/baruchmr/Desktop/React/react_01/node_modules/@babel/parser/lib/index.js:10636:23)
      at JSXParserMixin.parseMaybeAssign (/Users/baruchmr/Desktop/React/react_01/node_modules/@babel/parser/lib/index.js:10597:21)
      at JSXParserMixin.parseExpressionBase (/Users/baruchmr/Desktop/React/react_01/node_modules/@babel/parser/lib/index.js:10551:23)
      at /Users/baruchmr/Desktop/React/react_01/node_modules/@babel/parser/lib/index.js:10547:39
      at JSXParserMixin.allowInAnd (/Users/baruchmr/Desktop/React/react_01/node_modules/@babel/parser/lib/index.js:12284:12)
      at JSXParserMixin.parseExpression (/Users/baruchmr/Desktop/React/react_01/node_modules/@babel/parser/lib/index.js:10547:17)
      at JSXParserMixin.jsxParseExpressionContainer (/Users/baruchmr/Desktop/React/react_01/node_modules/@babel/parser/lib/index.js:6792:31)
      at JSXParserMixin.jsxParseElementAt (/Users/baruchmr/Desktop/React/react_01/node_modules/@babel/parser/lib/index.js:6871:36)
      at JSXParserMixin.jsxParseElementAt (/Users/baruchmr/Desktop/React/react_01/node_modules/@babel/parser/lib/index.js:6858:32)
      at JSXParserMixin.jsxParseElement (/Users/baruchmr/Desktop/React/react_01/node_modules/@babel/parser/lib/index.js:6915:17)
      at JSXParserMixin.parseExprAtom (/Users/baruchmr/Desktop/React/react_01/node_modules/@babel/parser/lib/index.js:6927:19)
      at JSXParserMixin.parseExprSubscripts (/Users/baruchmr/Desktop/React/react_01/node_modules/@babel/parser/lib/index.js:10857:23)
      at JSXParserMixin.parseUpdate (/Users/baruchmr/Desktop/React/react_01/node_modules/@babel/parser/lib/index.js:10840:21)
      at JSXParserMixin.parseMaybeUnary (/Users/baruchmr/Desktop/React/react_01/node_modules/@babel/parser/lib/index.js:10816:23)
      at JSXParserMixin.parseMaybeUnaryOrPrivate (/Users/baruchmr/Desktop/React/react_01/node_modules/@babel/parser/lib/index.js:10654:61)
      at JSXParserMixin.parseExprOps (/Users/baruchmr/Desktop/React/react_01/node_modules/@babel/parser/lib/index.js:10659:23)
      at JSXParserMixin.parseMaybeConditional (/Users/baruchmr/Desktop/React/react_01/node_modules/@babel/parser/lib/index.js:10636:23)
      at JSXParserMixin.parseMaybeAssign (/Users/baruchmr/Desktop/React/react_01/node_modules/@babel/parser/lib/index.js:10597:21)
      at /Users/baruchmr/Desktop/React/react_01/node_modules/@babel/parser/lib/index.js:10567:39
      at JSXParserMixin.allowInAnd (/Users/baruchmr/Desktop/React/react_01/node_modules/@babel/parser/lib/index.js:12284:12)
      at JSXParserMixin.parseMaybeAssignAllowIn (/Users/baruchmr/Desktop/React/react_01/node_modules/@babel/parser/lib/index.js:10567:17)
      at JSXParserMixin.parseParenAndDistinguishExpression (/Users/baruchmr/Desktop/React/react_01/node_modules/@babel/parser/lib/index.js:11499:28)
      at JSXParserMixin.parseExprAtom (/Users/baruchmr/Desktop/React/react_01/node_modules/@babel/parser/lib/index.js:11137:23)
      at JSXParserMixin.parseExprAtom (/Users/baruchmr/Desktop/React/react_01/node_modules/@babel/parser/lib/index.js:6932:20)
      at JSXParserMixin.parseExprSubscripts (/Users/baruchmr/Desktop/React/react_01/node_modules/@babel/parser/lib/index.js:10857:23)
      at JSXParserMixin.parseUpdate (/Users/baruchmr/Desktop/React/react_01/node_modules/@babel/parser/lib/index.js:10840:21)
      at JSXParserMixin.parseMaybeUnary (/Users/baruchmr/Desktop/React/react_01/node_modules/@babel/parser/lib/index.js:10816:23)
      at JSXParserMixin.parseMaybeUnaryOrPrivate (/Users/baruchmr/Desktop/React/react_01/node_modules/@babel/parser/lib/index.js:10654:61)
      at JSXParserMixin.parseExprOps (/Users/baruchmr/Desktop/React/react_01/node_modules/@babel/parser/lib/index.js:10659:23)
      at JSXParserMixin.parseMaybeConditional (/Users/baruchmr/Desktop/React/react_01/node_modules/@babel/parser/lib/index.js:10636:23)
      at JSXParserMixin.parseMaybeAssign (/Users/baruchmr/Desktop/React/react_01/node_modules/@babel/parser/lib/index.js:10597:21)
      at JSXParserMixin.parseExpressionBase (/Users/baruchmr/Desktop/React/react_01/node_modules/@babel/parser/lib/index.js:10551:23)
      at /Users/baruchmr/Desktop/React/react_01/node_modules/@babel/parser/lib/index.js:10547:39
      at JSXParserMixin.allowInAnd (/Users/baruchmr/Desktop/React/react_01/node_modules/@babel/parser/lib/index.js:12279:16)
      at JSXParserMixin.parseExpression (/Users/baruchmr/Desktop/React/react_01/node_modules/@babel/parser/lib/index.js:10547:17)
      at JSXParserMixin.parseReturnStatement (/Users/baruchmr/Desktop/React/react_01/node_modules/@babel/parser/lib/index.js:13003:28)
      at JSXParserMixin.parseStatementContent (/Users/baruchmr/Desktop/React/react_01/node_modules/@babel/parser/lib/index.js:12621:21)
      at JSXParserMixin.parseStatementLike (/Users/baruchmr/Desktop/React/react_01/node_modules/@babel/parser/lib/index.js:12588:17)
      at JSXParserMixin.parseStatementListItem (/Users/baruchmr/Desktop/React/react_01/node_modules/@babel/parser/lib/index.js:12568:17)
      at JSXParserMixin.parseBlockOrModuleBlockBody (/Users/baruchmr/Desktop/React/react_01/node_modules/@babel/parser/lib/index.js:13189:61)
5:00:35 PM [vite] hmr update /src/App.jsx
5:00:35 PM [vite] Internal server error: /Users/baruchmr/Desktop/React/react_01/src/App.jsx: Unterminated comment. (21:9)

  19 |       <h1>Vite + React</h1>
  20 |       <div className="card">
> 21 |         {/*<button onClick={() => setCount((count) => count + 1)}>
     |          ^
  22 |           count is {count}
  23 |         </button>
  24 |         <p>
  Plugin: vite:react-babel
  File: /Users/baruchmr/Desktop/React/react_01/src/App.jsx:21:9
  19 |        <h1>Vite + React</h1>
  20 |        <div className="card">
  21 |          {/*<button onClick={() => setCount((count) => count + 1)}>
     |           ^
  22 |            count is {count}
  23 |          </button>
      at constructor (/Users/baruchmr/Desktop/React/react_01/node_modules/@babel/parser/lib/index.js:356:19)
      at JSXParserMixin.raise (/Users/baruchmr/Desktop/React/react_01/node_modules/@babel/parser/lib/index.js:3223:19)
      at JSXParserMixin.skipBlockComment (/Users/baruchmr/Desktop/React/react_01/node_modules/@babel/parser/lib/index.js:2355:18)
      at JSXParserMixin.skipSpace (/Users/baruchmr/Desktop/React/react_01/node_modules/@babel/parser/lib/index.js:2425:38)
      at JSXParserMixin.skipSpace (/Users/baruchmr/Desktop/React/react_01/node_modules/@babel/parser/lib/index.js:6937:42)
      at JSXParserMixin.nextToken (/Users/baruchmr/Desktop/React/react_01/node_modules/@babel/parser/lib/index.js:2340:10)
      at JSXParserMixin.next (/Users/baruchmr/Desktop/React/react_01/node_modules/@babel/parser/lib/index.js:2258:10)
      at JSXParserMixin.jsxParseElementAt (/Users/baruchmr/Desktop/React/react_01/node_modules/@babel/parser/lib/index.js:6867:20)
      at JSXParserMixin.jsxParseElementAt (/Users/baruchmr/Desktop/React/react_01/node_modules/@babel/parser/lib/index.js:6858:32)
      at JSXParserMixin.jsxParseElement (/Users/baruchmr/Desktop/React/react_01/node_modules/@babel/parser/lib/index.js:6915:17)
      at JSXParserMixin.parseExprAtom (/Users/baruchmr/Desktop/React/react_01/node_modules/@babel/parser/lib/index.js:6927:19)
      at JSXParserMixin.parseExprSubscripts (/Users/baruchmr/Desktop/React/react_01/node_modules/@babel/parser/lib/index.js:10857:23)
      at JSXParserMixin.parseUpdate (/Users/baruchmr/Desktop/React/react_01/node_modules/@babel/parser/lib/index.js:10840:21)
      at JSXParserMixin.parseMaybeUnary (/Users/baruchmr/Desktop/React/react_01/node_modules/@babel/parser/lib/index.js:10816:23)
      at JSXParserMixin.parseMaybeUnaryOrPrivate (/Users/baruchmr/Desktop/React/react_01/node_modules/@babel/parser/lib/index.js:10654:61)
      at JSXParserMixin.parseExprOps (/Users/baruchmr/Desktop/React/react_01/node_modules/@babel/parser/lib/index.js:10659:23)
      at JSXParserMixin.parseMaybeConditional (/Users/baruchmr/Desktop/React/react_01/node_modules/@babel/parser/lib/index.js:10636:23)
      at JSXParserMixin.parseMaybeAssign (/Users/baruchmr/Desktop/React/react_01/node_modules/@babel/parser/lib/index.js:10597:21)
      at /Users/baruchmr/Desktop/React/react_01/node_modules/@babel/parser/lib/index.js:10567:39
      at JSXParserMixin.allowInAnd (/Users/baruchmr/Desktop/React/react_01/node_modules/@babel/parser/lib/index.js:12284:12)
      at JSXParserMixin.parseMaybeAssignAllowIn (/Users/baruchmr/Desktop/React/react_01/node_modules/@babel/parser/lib/index.js:10567:17)
      at JSXParserMixin.parseParenAndDistinguishExpression (/Users/baruchmr/Desktop/React/react_01/node_modules/@babel/parser/lib/index.js:11499:28)
      at JSXParserMixin.parseExprAtom (/Users/baruchmr/Desktop/React/react_01/node_modules/@babel/parser/lib/index.js:11137:23)
      at JSXParserMixin.parseExprAtom (/Users/baruchmr/Desktop/React/react_01/node_modules/@babel/parser/lib/index.js:6932:20)
      at JSXParserMixin.parseExprSubscripts (/Users/baruchmr/Desktop/React/react_01/node_modules/@babel/parser/lib/index.js:10857:23)
      at JSXParserMixin.parseUpdate (/Users/baruchmr/Desktop/React/react_01/node_modules/@babel/parser/lib/index.js:10840:21)
      at JSXParserMixin.parseMaybeUnary (/Users/baruchmr/Desktop/React/react_01/node_modules/@babel/parser/lib/index.js:10816:23)
      at JSXParserMixin.parseMaybeUnaryOrPrivate (/Users/baruchmr/Desktop/React/react_01/node_modules/@babel/parser/lib/index.js:10654:61)
      at JSXParserMixin.parseExprOps (/Users/baruchmr/Desktop/React/react_01/node_modules/@babel/parser/lib/index.js:10659:23)
      at JSXParserMixin.parseMaybeConditional (/Users/baruchmr/Desktop/React/react_01/node_modules/@babel/parser/lib/index.js:10636:23)
      at JSXParserMixin.parseMaybeAssign (/Users/baruchmr/Desktop/React/react_01/node_modules/@babel/parser/lib/index.js:10597:21)
      at JSXParserMixin.parseExpressionBase (/Users/baruchmr/Desktop/React/react_01/node_modules/@babel/parser/lib/index.js:10551:23)
      at /Users/baruchmr/Desktop/React/react_01/node_modules/@babel/parser/lib/index.js:10547:39
      at JSXParserMixin.allowInAnd (/Users/baruchmr/Desktop/React/react_01/node_modules/@babel/parser/lib/index.js:12279:16)
      at JSXParserMixin.parseExpression (/Users/baruchmr/Desktop/React/react_01/node_modules/@babel/parser/lib/index.js:10547:17)
      at JSXParserMixin.parseReturnStatement (/Users/baruchmr/Desktop/React/react_01/node_modules/@babel/parser/lib/index.js:13003:28)
      at JSXParserMixin.parseStatementContent (/Users/baruchmr/Desktop/React/react_01/node_modules/@babel/parser/lib/index.js:12621:21)
      at JSXParserMixin.parseStatementLike (/Users/baruchmr/Desktop/React/react_01/node_modules/@babel/parser/lib/index.js:12588:17)
      at JSXParserMixin.parseStatementListItem (/Users/baruchmr/Desktop/React/react_01/node_modules/@babel/parser/lib/index.js:12568:17)
      at JSXParserMixin.parseBlockOrModuleBlockBody (/Users/baruchmr/Desktop/React/react_01/node_modules/@babel/parser/lib/index.js:13189:61)
      at JSXParserMixin.parseBlockBody (/Users/baruchmr/Desktop/React/react_01/node_modules/@babel/parser/lib/index.js:13182:10)
      at JSXParserMixin.parseBlock (/Users/baruchmr/Desktop/React/react_01/node_modules/@babel/parser/lib/index.js:13170:10)
      at JSXParserMixin.parseFunctionBody (/Users/baruchmr/Desktop/React/react_01/node_modules/@babel/parser/lib/index.js:11935:24)
      at JSXParserMixin.parseFunctionBodyAndFinish (/Users/baruchmr/Desktop/React/react_01/node_modules/@babel/parser/lib/index.js:11921:10)
      at /Users/baruchmr/Desktop/React/react_01/node_modules/@babel/parser/lib/index.js:13318:12
      at JSXParserMixin.withSmartMixTopicForbiddingContext (/Users/baruchmr/Desktop/React/react_01/node_modules/@babel/parser/lib/index.js:12261:14)
      at JSXParserMixin.parseFunction (/Users/baruchmr/Desktop/React/react_01/node_modules/@babel/parser/lib/index.js:13317:10)
      at JSXParserMixin.parseFunctionStatement (/Users/baruchmr/Desktop/React/react_01/node_modules/@babel/parser/lib/index.js:12984:17)
      at JSXParserMixin.parseStatementContent (/Users/baruchmr/Desktop/React/react_01/node_modules/@babel/parser/lib/index.js:12614:21)
      at JSXParserMixin.parseStatementLike (/Users/baruchmr/Desktop/React/react_01/node_modules/@babel/parser/lib/index.js:12588:17)
5:00:40 PM [vite] hmr update /src/App.jsx
5:00:40 PM [vite] Internal server error: /Users/baruchmr/Desktop/React/react_01/src/App.jsx: Unterminated comment. (21:9)

  19 |       <h1>Vite + React</h1>
  20 |       <div className="card">
> 21 |         {/*<button onClick={() => setCount((count) => count + 1)}>
     |          ^
  22 |           count is {count}
  23 |         </button> 
  24 |         <p>
  Plugin: vite:react-babel
  File: /Users/baruchmr/Desktop/React/react_01/src/App.jsx:21:9
  19 |        <h1>Vite + React</h1>
  20 |        <div className="card">
  21 |          {/*<button onClick={() => setCount((count) => count + 1)}>
     |           ^
  22 |            count is {count}
  23 |          </button> 
      at constructor (/Users/baruchmr/Desktop/React/react_01/node_modules/@babel/parser/lib/index.js:356:19)
      at JSXParserMixin.raise (/Users/baruchmr/Desktop/React/react_01/node_modules/@babel/parser/lib/index.js:3223:19)
      at JSXParserMixin.skipBlockComment (/Users/baruchmr/Desktop/React/react_01/node_modules/@babel/parser/lib/index.js:2355:18)
      at JSXParserMixin.skipSpace (/Users/baruchmr/Desktop/React/react_01/node_modules/@babel/parser/lib/index.js:2425:38)
      at JSXParserMixin.skipSpace (/Users/baruchmr/Desktop/React/react_01/node_modules/@babel/parser/lib/index.js:6937:42)
      at JSXParserMixin.nextToken (/Users/baruchmr/Desktop/React/react_01/node_modules/@babel/parser/lib/index.js:2340:10)
      at JSXParserMixin.next (/Users/baruchmr/Desktop/React/react_01/node_modules/@babel/parser/lib/index.js:2258:10)
      at JSXParserMixin.jsxParseElementAt (/Users/baruchmr/Desktop/React/react_01/node_modules/@babel/parser/lib/index.js:6867:20)
      at JSXParserMixin.jsxParseElementAt (/Users/baruchmr/Desktop/React/react_01/node_modules/@babel/parser/lib/index.js:6858:32)
      at JSXParserMixin.jsxParseElement (/Users/baruchmr/Desktop/React/react_01/node_modules/@babel/parser/lib/index.js:6915:17)
      at JSXParserMixin.parseExprAtom (/Users/baruchmr/Desktop/React/react_01/node_modules/@babel/parser/lib/index.js:6927:19)
      at JSXParserMixin.parseExprSubscripts (/Users/baruchmr/Desktop/React/react_01/node_modules/@babel/parser/lib/index.js:10857:23)
      at JSXParserMixin.parseUpdate (/Users/baruchmr/Desktop/React/react_01/node_modules/@babel/parser/lib/index.js:10840:21)
      at JSXParserMixin.parseMaybeUnary (/Users/baruchmr/Desktop/React/react_01/node_modules/@babel/parser/lib/index.js:10816:23)
      at JSXParserMixin.parseMaybeUnaryOrPrivate (/Users/baruchmr/Desktop/React/react_01/node_modules/@babel/parser/lib/index.js:10654:61)
      at JSXParserMixin.parseExprOps (/Users/baruchmr/Desktop/React/react_01/node_modules/@babel/parser/lib/index.js:10659:23)
      at JSXParserMixin.parseMaybeConditional (/Users/baruchmr/Desktop/React/react_01/node_modules/@babel/parser/lib/index.js:10636:23)
      at JSXParserMixin.parseMaybeAssign (/Users/baruchmr/Desktop/React/react_01/node_modules/@babel/parser/lib/index.js:10597:21)
      at /Users/baruchmr/Desktop/React/react_01/node_modules/@babel/parser/lib/index.js:10567:39
      at JSXParserMixin.allowInAnd (/Users/baruchmr/Desktop/React/react_01/node_modules/@babel/parser/lib/index.js:12284:12)
      at JSXParserMixin.parseMaybeAssignAllowIn (/Users/baruchmr/Desktop/React/react_01/node_modules/@babel/parser/lib/index.js:10567:17)
      at JSXParserMixin.parseParenAndDistinguishExpression (/Users/baruchmr/Desktop/React/react_01/node_modules/@babel/parser/lib/index.js:11499:28)
      at JSXParserMixin.parseExprAtom (/Users/baruchmr/Desktop/React/react_01/node_modules/@babel/parser/lib/index.js:11137:23)
      at JSXParserMixin.parseExprAtom (/Users/baruchmr/Desktop/React/react_01/node_modules/@babel/parser/lib/index.js:6932:20)
      at JSXParserMixin.parseExprSubscripts (/Users/baruchmr/Desktop/React/react_01/node_modules/@babel/parser/lib/index.js:10857:23)
      at JSXParserMixin.parseUpdate (/Users/baruchmr/Desktop/React/react_01/node_modules/@babel/parser/lib/index.js:10840:21)
      at JSXParserMixin.parseMaybeUnary (/Users/baruchmr/Desktop/React/react_01/node_modules/@babel/parser/lib/index.js:10816:23)
      at JSXParserMixin.parseMaybeUnaryOrPrivate (/Users/baruchmr/Desktop/React/react_01/node_modules/@babel/parser/lib/index.js:10654:61)
      at JSXParserMixin.parseExprOps (/Users/baruchmr/Desktop/React/react_01/node_modules/@babel/parser/lib/index.js:10659:23)
      at JSXParserMixin.parseMaybeConditional (/Users/baruchmr/Desktop/React/react_01/node_modules/@babel/parser/lib/index.js:10636:23)
      at JSXParserMixin.parseMaybeAssign (/Users/baruchmr/Desktop/React/react_01/node_modules/@babel/parser/lib/index.js:10597:21)
      at JSXParserMixin.parseExpressionBase (/Users/baruchmr/Desktop/React/react_01/node_modules/@babel/parser/lib/index.js:10551:23)
      at /Users/baruchmr/Desktop/React/react_01/node_modules/@babel/parser/lib/index.js:10547:39
      at JSXParserMixin.allowInAnd (/Users/baruchmr/Desktop/React/react_01/node_modules/@babel/parser/lib/index.js:12279:16)
      at JSXParserMixin.parseExpression (/Users/baruchmr/Desktop/React/react_01/node_modules/@babel/parser/lib/index.js:10547:17)
      at JSXParserMixin.parseReturnStatement (/Users/baruchmr/Desktop/React/react_01/node_modules/@babel/parser/lib/index.js:13003:28)
      at JSXParserMixin.parseStatementContent (/Users/baruchmr/Desktop/React/react_01/node_modules/@babel/parser/lib/index.js:12621:21)
      at JSXParserMixin.parseStatementLike (/Users/baruchmr/Desktop/React/react_01/node_modules/@babel/parser/lib/index.js:12588:17)
      at JSXParserMixin.parseStatementListItem (/Users/baruchmr/Desktop/React/react_01/node_modules/@babel/parser/lib/index.js:12568:17)
      at JSXParserMixin.parseBlockOrModuleBlockBody (/Users/baruchmr/Desktop/React/react_01/node_modules/@babel/parser/lib/index.js:13189:61)
      at JSXParserMixin.parseBlockBody (/Users/baruchmr/Desktop/React/react_01/node_modules/@babel/parser/lib/index.js:13182:10)
      at JSXParserMixin.parseBlock (/Users/baruchmr/Desktop/React/react_01/node_modules/@babel/parser/lib/index.js:13170:10)
      at JSXParserMixin.parseFunctionBody (/Users/baruchmr/Desktop/React/react_01/node_modules/@babel/parser/lib/index.js:11935:24)
      at JSXParserMixin.parseFunctionBodyAndFinish (/Users/baruchmr/Desktop/React/react_01/node_modules/@babel/parser/lib/index.js:11921:10)
      at /Users/baruchmr/Desktop/React/react_01/node_modules/@babel/parser/lib/index.js:13318:12
      at JSXParserMixin.withSmartMixTopicForbiddingContext (/Users/baruchmr/Desktop/React/react_01/node_modules/@babel/parser/lib/index.js:12261:14)
      at JSXParserMixin.parseFunction (/Users/baruchmr/Desktop/React/react_01/node_modules/@babel/parser/lib/index.js:13317:10)
      at JSXParserMixin.parseFunctionStatement (/Users/baruchmr/Desktop/React/react_01/node_modules/@babel/parser/lib/index.js:12984:17)
      at JSXParserMixin.parseStatementContent (/Users/baruchmr/Desktop/React/react_01/node_modules/@babel/parser/lib/index.js:12614:21)
      at JSXParserMixin.parseStatementLike (/Users/baruchmr/Desktop/React/react_01/node_modules/@babel/parser/lib/index.js:12588:17)
5:00:42 PM [vite] hmr update /src/App.jsx
5:00:42 PM [vite] Internal server error: /Users/baruchmr/Desktop/React/react_01/src/App.jsx: Adjacent JSX elements must be wrapped in an enclosing tag. Did you want a JSX fragment <>...</>? (27:6)

  25 |           Edit <code>src/App.jsx</code> and save to test HMR
  26 |         </p>
> 27 |       </div>
     |       ^
  28 |       <p className="read-the-docs">
  29 |         Click on the Vite and React logos to learn more
  30 |       </p>
  Plugin: vite:react-babel
  File: /Users/baruchmr/Desktop/React/react_01/src/App.jsx:27:6
  25 |            Edit <code>src/App.jsx</code> and save to test HMR
  26 |          </p>
  27 |        </div>
     |        ^
  28 |        <p className="read-the-docs">
  29 |          Click on the Vite and React logos to learn more
      at constructor (/Users/baruchmr/Desktop/React/react_01/node_modules/@babel/parser/lib/index.js:356:19)
      at JSXParserMixin.raise (/Users/baruchmr/Desktop/React/react_01/node_modules/@babel/parser/lib/index.js:3223:19)
      at JSXParserMixin.jsxParseElementAt (/Users/baruchmr/Desktop/React/react_01/node_modules/@babel/parser/lib/index.js:6906:18)
      at JSXParserMixin.jsxParseElement (/Users/baruchmr/Desktop/React/react_01/node_modules/@babel/parser/lib/index.js:6915:17)
      at JSXParserMixin.parseExprAtom (/Users/baruchmr/Desktop/React/react_01/node_modules/@babel/parser/lib/index.js:6927:19)
      at JSXParserMixin.parseExprSubscripts (/Users/baruchmr/Desktop/React/react_01/node_modules/@babel/parser/lib/index.js:10857:23)
      at JSXParserMixin.parseUpdate (/Users/baruchmr/Desktop/React/react_01/node_modules/@babel/parser/lib/index.js:10840:21)
      at JSXParserMixin.parseMaybeUnary (/Users/baruchmr/Desktop/React/react_01/node_modules/@babel/parser/lib/index.js:10816:23)
      at JSXParserMixin.parseMaybeUnaryOrPrivate (/Users/baruchmr/Desktop/React/react_01/node_modules/@babel/parser/lib/index.js:10654:61)
      at JSXParserMixin.parseExprOps (/Users/baruchmr/Desktop/React/react_01/node_modules/@babel/parser/lib/index.js:10659:23)
      at JSXParserMixin.parseMaybeConditional (/Users/baruchmr/Desktop/React/react_01/node_modules/@babel/parser/lib/index.js:10636:23)
      at JSXParserMixin.parseMaybeAssign (/Users/baruchmr/Desktop/React/react_01/node_modules/@babel/parser/lib/index.js:10597:21)
      at JSXParserMixin.parseExpressionBase (/Users/baruchmr/Desktop/React/react_01/node_modules/@babel/parser/lib/index.js:10551:23)
      at /Users/baruchmr/Desktop/React/react_01/node_modules/@babel/parser/lib/index.js:10547:39
      at JSXParserMixin.allowInAnd (/Users/baruchmr/Desktop/React/react_01/node_modules/@babel/parser/lib/index.js:12284:12)
      at JSXParserMixin.parseExpression (/Users/baruchmr/Desktop/React/react_01/node_modules/@babel/parser/lib/index.js:10547:17)
      at JSXParserMixin.jsxParseExpressionContainer (/Users/baruchmr/Desktop/React/react_01/node_modules/@babel/parser/lib/index.js:6792:31)
      at JSXParserMixin.jsxParseElementAt (/Users/baruchmr/Desktop/React/react_01/node_modules/@babel/parser/lib/index.js:6871:36)
      at JSXParserMixin.jsxParseElementAt (/Users/baruchmr/Desktop/React/react_01/node_modules/@babel/parser/lib/index.js:6858:32)
      at JSXParserMixin.jsxParseElement (/Users/baruchmr/Desktop/React/react_01/node_modules/@babel/parser/lib/index.js:6915:17)
      at JSXParserMixin.parseExprAtom (/Users/baruchmr/Desktop/React/react_01/node_modules/@babel/parser/lib/index.js:6927:19)
      at JSXParserMixin.parseExprSubscripts (/Users/baruchmr/Desktop/React/react_01/node_modules/@babel/parser/lib/index.js:10857:23)
      at JSXParserMixin.parseUpdate (/Users/baruchmr/Desktop/React/react_01/node_modules/@babel/parser/lib/index.js:10840:21)
      at JSXParserMixin.parseMaybeUnary (/Users/baruchmr/Desktop/React/react_01/node_modules/@babel/parser/lib/index.js:10816:23)
      at JSXParserMixin.parseMaybeUnaryOrPrivate (/Users/baruchmr/Desktop/React/react_01/node_modules/@babel/parser/lib/index.js:10654:61)
      at JSXParserMixin.parseExprOps (/Users/baruchmr/Desktop/React/react_01/node_modules/@babel/parser/lib/index.js:10659:23)
      at JSXParserMixin.parseMaybeConditional (/Users/baruchmr/Desktop/React/react_01/node_modules/@babel/parser/lib/index.js:10636:23)
      at JSXParserMixin.parseMaybeAssign (/Users/baruchmr/Desktop/React/react_01/node_modules/@babel/parser/lib/index.js:10597:21)
      at /Users/baruchmr/Desktop/React/react_01/node_modules/@babel/parser/lib/index.js:10567:39
      at JSXParserMixin.allowInAnd (/Users/baruchmr/Desktop/React/react_01/node_modules/@babel/parser/lib/index.js:12284:12)
      at JSXParserMixin.parseMaybeAssignAllowIn (/Users/baruchmr/Desktop/React/react_01/node_modules/@babel/parser/lib/index.js:10567:17)
      at JSXParserMixin.parseParenAndDistinguishExpression (/Users/baruchmr/Desktop/React/react_01/node_modules/@babel/parser/lib/index.js:11499:28)
      at JSXParserMixin.parseExprAtom (/Users/baruchmr/Desktop/React/react_01/node_modules/@babel/parser/lib/index.js:11137:23)
      at JSXParserMixin.parseExprAtom (/Users/baruchmr/Desktop/React/react_01/node_modules/@babel/parser/lib/index.js:6932:20)
      at JSXParserMixin.parseExprSubscripts (/Users/baruchmr/Desktop/React/react_01/node_modules/@babel/parser/lib/index.js:10857:23)
      at JSXParserMixin.parseUpdate (/Users/baruchmr/Desktop/React/react_01/node_modules/@babel/parser/lib/index.js:10840:21)
      at JSXParserMixin.parseMaybeUnary (/Users/baruchmr/Desktop/React/react_01/node_modules/@babel/parser/lib/index.js:10816:23)
      at JSXParserMixin.parseMaybeUnaryOrPrivate (/Users/baruchmr/Desktop/React/react_01/node_modules/@babel/parser/lib/index.js:10654:61)
      at JSXParserMixin.parseExprOps (/Users/baruchmr/Desktop/React/react_01/node_modules/@babel/parser/lib/index.js:10659:23)
      at JSXParserMixin.parseMaybeConditional (/Users/baruchmr/Desktop/React/react_01/node_modules/@babel/parser/lib/index.js:10636:23)
      at JSXParserMixin.parseMaybeAssign (/Users/baruchmr/Desktop/React/react_01/node_modules/@babel/parser/lib/index.js:10597:21)
      at JSXParserMixin.parseExpressionBase (/Users/baruchmr/Desktop/React/react_01/node_modules/@babel/parser/lib/index.js:10551:23)
      at /Users/baruchmr/Desktop/React/react_01/node_modules/@babel/parser/lib/index.js:10547:39
      at JSXParserMixin.allowInAnd (/Users/baruchmr/Desktop/React/react_01/node_modules/@babel/parser/lib/index.js:12279:16)
      at JSXParserMixin.parseExpression (/Users/baruchmr/Desktop/React/react_01/node_modules/@babel/parser/lib/index.js:10547:17)
      at JSXParserMixin.parseReturnStatement (/Users/baruchmr/Desktop/React/react_01/node_modules/@babel/parser/lib/index.js:13003:28)
      at JSXParserMixin.parseStatementContent (/Users/baruchmr/Desktop/React/react_01/node_modules/@babel/parser/lib/index.js:12621:21)
      at JSXParserMixin.parseStatementLike (/Users/baruchmr/Desktop/React/react_01/node_modules/@babel/parser/lib/index.js:12588:17)
      at JSXParserMixin.parseStatementListItem (/Users/baruchmr/Desktop/React/react_01/node_modules/@babel/parser/lib/index.js:12568:17)
      at JSXParserMixin.parseBlockOrModuleBlockBody (/Users/baruchmr/Desktop/React/react_01/node_modules/@babel/parser/lib/index.js:13189:61)
5:00:43 PM [vite] hmr update /src/App.jsx
5:06:26 PM [vite] hmr update /src/App.jsx (x2)
5:10:06 PM [vite] hmr update /src/App.jsx (x3)
5:10:24 PM [vite] hmr update /src/App.jsx (x4)
5:10:40 PM [vite] hmr update /src/App.jsx (x5)
5:10:40 PM [vite] Internal server error: /Users/baruchmr/Desktop/React/react_01/src/App.jsx: Unexpected keyword 'import'. (2:0)

  1 | import 
> 2 | import reactLogo from './assets/react.svg'
    | ^
  3 | import viteLogo from '/vite.svg'
  4 | import './App.css'
  5 |
  Plugin: vite:react-babel
  File: /Users/baruchmr/Desktop/React/react_01/src/App.jsx:2:0
  1  |  import 
  2  |  import reactLogo from './assets/react.svg'
     |  ^
  3  |  import viteLogo from '/vite.svg'
  4  |  import './App.css'
      at constructor (/Users/baruchmr/Desktop/React/react_01/node_modules/@babel/parser/lib/index.js:356:19)
      at JSXParserMixin.raise (/Users/baruchmr/Desktop/React/react_01/node_modules/@babel/parser/lib/index.js:3223:19)
      at JSXParserMixin.checkReservedWord (/Users/baruchmr/Desktop/React/react_01/node_modules/@babel/parser/lib/index.js:12064:12)
      at JSXParserMixin.parseIdentifierName (/Users/baruchmr/Desktop/React/react_01/node_modules/@babel/parser/lib/index.js:12051:12)
      at JSXParserMixin.parseIdentifier (/Users/baruchmr/Desktop/React/react_01/node_modules/@babel/parser/lib/index.js:12026:23)
      at JSXParserMixin.parseImportSpecifierLocal (/Users/baruchmr/Desktop/React/react_01/node_modules/@babel/parser/lib/index.js:14171:28)
      at JSXParserMixin.maybeParseDefaultImportSpecifier (/Users/baruchmr/Desktop/React/react_01/node_modules/@babel/parser/lib/index.js:14296:12)
      at JSXParserMixin.parseImportSpecifiersAndAfter (/Users/baruchmr/Desktop/React/react_01/node_modules/@babel/parser/lib/index.js:14149:29)
      at JSXParserMixin.parseImport (/Users/baruchmr/Desktop/React/react_01/node_modules/@babel/parser/lib/index.js:14145:17)
      at JSXParserMixin.parseStatementContent (/Users/baruchmr/Desktop/React/react_01/node_modules/@babel/parser/lib/index.js:12710:27)
      at JSXParserMixin.parseStatementLike (/Users/baruchmr/Desktop/React/react_01/node_modules/@babel/parser/lib/index.js:12588:17)
      at JSXParserMixin.parseModuleItem (/Users/baruchmr/Desktop/React/react_01/node_modules/@babel/parser/lib/index.js:12565:17)
      at JSXParserMixin.parseBlockOrModuleBlockBody (/Users/baruchmr/Desktop/React/react_01/node_modules/@babel/parser/lib/index.js:13189:36)
      at JSXParserMixin.parseBlockBody (/Users/baruchmr/Desktop/React/react_01/node_modules/@babel/parser/lib/index.js:13182:10)
      at JSXParserMixin.parseProgram (/Users/baruchmr/Desktop/React/react_01/node_modules/@babel/parser/lib/index.js:12464:10)
      at JSXParserMixin.parseTopLevel (/Users/baruchmr/Desktop/React/react_01/node_modules/@babel/parser/lib/index.js:12454:25)
      at JSXParserMixin.parse (/Users/baruchmr/Desktop/React/react_01/node_modules/@babel/parser/lib/index.js:14376:10)
      at parse (/Users/baruchmr/Desktop/React/react_01/node_modules/@babel/parser/lib/index.js:14417:38)
      at parser (/Users/baruchmr/Desktop/React/react_01/node_modules/@babel/core/lib/parser/index.js:41:34)
      at parser.next (<anonymous>)
      at normalizeFile (/Users/baruchmr/Desktop/React/react_01/node_modules/@babel/core/lib/transformation/normalize-file.js:64:37)
      at normalizeFile.next (<anonymous>)
      at run (/Users/baruchmr/Desktop/React/react_01/node_modules/@babel/core/lib/transformation/index.js:21:50)
      at run.next (<anonymous>)
      at transform (/Users/baruchmr/Desktop/React/react_01/node_modules/@babel/core/lib/transform.js:22:33)
      at transform.next (<anonymous>)
      at step (/Users/baruchmr/Desktop/React/react_01/node_modules/gensync/index.js:261:32)
      at /Users/baruchmr/Desktop/React/react_01/node_modules/gensync/index.js:273:13
      at async.call.result.err.err (/Users/baruchmr/Desktop/React/react_01/node_modules/gensync/index.js:223:11)
      at /Users/baruchmr/Desktop/React/react_01/node_modules/gensync/index.js:189:28
      at /Users/baruchmr/Desktop/React/react_01/node_modules/@babel/core/lib/gensync-utils/async.js:67:7
      at /Users/baruchmr/Desktop/React/react_01/node_modules/gensync/index.js:113:33
      at step (/Users/baruchmr/Desktop/React/react_01/node_modules/gensync/index.js:287:14)
      at /Users/baruchmr/Desktop/React/react_01/node_modules/gensync/index.js:273:13
      at async.call.result.err.err (/Users/baruchmr/Desktop/React/react_01/node_modules/gensync/index.js:223:11)
5:10:48 PM [vite] hmr update /src/App.jsx
5:10:48 PM [vite] Internal server error: /Users/baruchmr/Desktop/React/react_01/src/App.jsx: Unexpected token, expected "from" (2:0)

  1 | import button 
> 2 | import reactLogo from './assets/react.svg'
    | ^
  3 | import viteLogo from '/vite.svg'
  4 | import './App.css'
  5 |
  Plugin: vite:react-babel
  File: /Users/baruchmr/Desktop/React/react_01/src/App.jsx:2:0
  1  |  import button 
  2  |  import reactLogo from './assets/react.svg'
     |  ^
  3  |  import viteLogo from '/vite.svg'
  4  |  import './App.css'
      at constructor (/Users/baruchmr/Desktop/React/react_01/node_modules/@babel/parser/lib/index.js:356:19)
      at JSXParserMixin.raise (/Users/baruchmr/Desktop/React/react_01/node_modules/@babel/parser/lib/index.js:3223:19)
      at JSXParserMixin.unexpected (/Users/baruchmr/Desktop/React/react_01/node_modules/@babel/parser/lib/index.js:3253:16)
      at JSXParserMixin.expectContextual (/Users/baruchmr/Desktop/React/react_01/node_modules/@babel/parser/lib/index.js:3562:12)
      at JSXParserMixin.parseImportSpecifiersAndAfter (/Users/baruchmr/Desktop/React/react_01/node_modules/@babel/parser/lib/index.js:14153:10)
      at JSXParserMixin.parseImport (/Users/baruchmr/Desktop/React/react_01/node_modules/@babel/parser/lib/index.js:14145:17)
      at JSXParserMixin.parseStatementContent (/Users/baruchmr/Desktop/React/react_01/node_modules/@babel/parser/lib/index.js:12710:27)
      at JSXParserMixin.parseStatementLike (/Users/baruchmr/Desktop/React/react_01/node_modules/@babel/parser/lib/index.js:12588:17)
      at JSXParserMixin.parseModuleItem (/Users/baruchmr/Desktop/React/react_01/node_modules/@babel/parser/lib/index.js:12565:17)
      at JSXParserMixin.parseBlockOrModuleBlockBody (/Users/baruchmr/Desktop/React/react_01/node_modules/@babel/parser/lib/index.js:13189:36)
      at JSXParserMixin.parseBlockBody (/Users/baruchmr/Desktop/React/react_01/node_modules/@babel/parser/lib/index.js:13182:10)
      at JSXParserMixin.parseProgram (/Users/baruchmr/Desktop/React/react_01/node_modules/@babel/parser/lib/index.js:12464:10)
      at JSXParserMixin.parseTopLevel (/Users/baruchmr/Desktop/React/react_01/node_modules/@babel/parser/lib/index.js:12454:25)
      at JSXParserMixin.parse (/Users/baruchmr/Desktop/React/react_01/node_modules/@babel/parser/lib/index.js:14376:10)
      at parse (/Users/baruchmr/Desktop/React/react_01/node_modules/@babel/parser/lib/index.js:14417:38)
      at parser (/Users/baruchmr/Desktop/React/react_01/node_modules/@babel/core/lib/parser/index.js:41:34)
      at parser.next (<anonymous>)
      at normalizeFile (/Users/baruchmr/Desktop/React/react_01/node_modules/@babel/core/lib/transformation/normalize-file.js:64:37)
      at normalizeFile.next (<anonymous>)
      at run (/Users/baruchmr/Desktop/React/react_01/node_modules/@babel/core/lib/transformation/index.js:21:50)
      at run.next (<anonymous>)
      at transform (/Users/baruchmr/Desktop/React/react_01/node_modules/@babel/core/lib/transform.js:22:33)
      at transform.next (<anonymous>)
      at step (/Users/baruchmr/Desktop/React/react_01/node_modules/gensync/index.js:261:32)
      at /Users/baruchmr/Desktop/React/react_01/node_modules/gensync/index.js:273:13
      at async.call.result.err.err (/Users/baruchmr/Desktop/React/react_01/node_modules/gensync/index.js:223:11)
      at /Users/baruchmr/Desktop/React/react_01/node_modules/gensync/index.js:189:28
      at /Users/baruchmr/Desktop/React/react_01/node_modules/@babel/core/lib/gensync-utils/async.js:67:7
      at /Users/baruchmr/Desktop/React/react_01/node_modules/gensync/index.js:113:33
      at step (/Users/baruchmr/Desktop/React/react_01/node_modules/gensync/index.js:287:14)
      at /Users/baruchmr/Desktop/React/react_01/node_modules/gensync/index.js:273:13
      at async.call.result.err.err (/Users/baruchmr/Desktop/React/react_01/node_modules/gensync/index.js:223:11)
5:10:51 PM [vite] hmr update /src/App.jsx
5:10:51 PM [vite] Internal server error: /Users/baruchmr/Desktop/React/react_01/src/App.jsx: Unexpected token (2:0)

  1 | import button from 
> 2 | import reactLogo from './assets/react.svg'
    | ^
  3 | import viteLogo from '/vite.svg'
  4 | import './App.css'
  5 |
  Plugin: vite:react-babel
  File: /Users/baruchmr/Desktop/React/react_01/src/App.jsx:2:0
  1  |  import button from 
  2  |  import reactLogo from './assets/react.svg'
     |  ^
  3  |  import viteLogo from '/vite.svg'
  4  |  import './App.css'
      at constructor (/Users/baruchmr/Desktop/React/react_01/node_modules/@babel/parser/lib/index.js:356:19)
      at JSXParserMixin.raise (/Users/baruchmr/Desktop/React/react_01/node_modules/@babel/parser/lib/index.js:3223:19)
      at JSXParserMixin.unexpected (/Users/baruchmr/Desktop/React/react_01/node_modules/@babel/parser/lib/index.js:3253:16)
      at JSXParserMixin.parseImportSource (/Users/baruchmr/Desktop/React/react_01/node_modules/@babel/parser/lib/index.js:14167:32)
      at JSXParserMixin.parseImportSourceAndAttributes (/Users/baruchmr/Desktop/React/react_01/node_modules/@babel/parser/lib/index.js:14159:24)
      at JSXParserMixin.parseImportSpecifiersAndAfter (/Users/baruchmr/Desktop/React/react_01/node_modules/@babel/parser/lib/index.js:14154:17)
      at JSXParserMixin.parseImport (/Users/baruchmr/Desktop/React/react_01/node_modules/@babel/parser/lib/index.js:14145:17)
      at JSXParserMixin.parseStatementContent (/Users/baruchmr/Desktop/React/react_01/node_modules/@babel/parser/lib/index.js:12710:27)
      at JSXParserMixin.parseStatementLike (/Users/baruchmr/Desktop/React/react_01/node_modules/@babel/parser/lib/index.js:12588:17)
      at JSXParserMixin.parseModuleItem (/Users/baruchmr/Desktop/React/react_01/node_modules/@babel/parser/lib/index.js:12565:17)
      at JSXParserMixin.parseBlockOrModuleBlockBody (/Users/baruchmr/Desktop/React/react_01/node_modules/@babel/parser/lib/index.js:13189:36)
      at JSXParserMixin.parseBlockBody (/Users/baruchmr/Desktop/React/react_01/node_modules/@babel/parser/lib/index.js:13182:10)
      at JSXParserMixin.parseProgram (/Users/baruchmr/Desktop/React/react_01/node_modules/@babel/parser/lib/index.js:12464:10)
      at JSXParserMixin.parseTopLevel (/Users/baruchmr/Desktop/React/react_01/node_modules/@babel/parser/lib/index.js:12454:25)
      at JSXParserMixin.parse (/Users/baruchmr/Desktop/React/react_01/node_modules/@babel/parser/lib/index.js:14376:10)
      at parse (/Users/baruchmr/Desktop/React/react_01/node_modules/@babel/parser/lib/index.js:14417:38)
      at parser (/Users/baruchmr/Desktop/React/react_01/node_modules/@babel/core/lib/parser/index.js:41:34)
      at parser.next (<anonymous>)
      at normalizeFile (/Users/baruchmr/Desktop/React/react_01/node_modules/@babel/core/lib/transformation/normalize-file.js:64:37)
      at normalizeFile.next (<anonymous>)
      at run (/Users/baruchmr/Desktop/React/react_01/node_modules/@babel/core/lib/transformation/index.js:21:50)
      at run.next (<anonymous>)
      at transform (/Users/baruchmr/Desktop/React/react_01/node_modules/@babel/core/lib/transform.js:22:33)
      at transform.next (<anonymous>)
      at step (/Users/baruchmr/Desktop/React/react_01/node_modules/gensync/index.js:261:32)
      at /Users/baruchmr/Desktop/React/react_01/node_modules/gensync/index.js:273:13
      at async.call.result.err.err (/Users/baruchmr/Desktop/React/react_01/node_modules/gensync/index.js:223:11)
      at /Users/baruchmr/Desktop/React/react_01/node_modules/gensync/index.js:189:28
      at /Users/baruchmr/Desktop/React/react_01/node_modules/@babel/core/lib/gensync-utils/async.js:67:7
      at /Users/baruchmr/Desktop/React/react_01/node_modules/gensync/index.js:113:33
      at step (/Users/baruchmr/Desktop/React/react_01/node_modules/gensync/index.js:287:14)
      at /Users/baruchmr/Desktop/React/react_01/node_modules/gensync/index.js:273:13
      at async.call.result.err.err (/Users/baruchmr/Desktop/React/react_01/node_modules/gensync/index.js:223:11)
5:10:53 PM [vite] hmr update /src/App.jsx
5:10:53 PM [vite] Internal server error: Failed to resolve import ".." from "src/App.jsx". Does the file exist?
  Plugin: vite:import-analysis
  File: /Users/baruchmr/Desktop/React/react_01/src/App.jsx:1:23
  15 |    window.$RefreshSig$ = RefreshRuntime.createSignatureFunctionForTransform;
  16 |  }
  17 |  import button from "..";
     |                      ^
  18 |  import reactLogo from "./assets/react.svg";
  19 |  import viteLogo from "/vite.svg";
      at formatError (file:///Users/baruchmr/Desktop/React/react_01/node_modules/vite/dist/node/chunks/dep-V3BH7oO1.js:63765:46)
      at TransformContext.error (file:///Users/baruchmr/Desktop/React/react_01/node_modules/vite/dist/node/chunks/dep-V3BH7oO1.js:63759:19)
      at normalizeUrl (file:///Users/baruchmr/Desktop/React/react_01/node_modules/vite/dist/node/chunks/dep-V3BH7oO1.js:62034:33)
      at process.processTicksAndRejections (node:internal/process/task_queues:95:5)
      at async file:///Users/baruchmr/Desktop/React/react_01/node_modules/vite/dist/node/chunks/dep-V3BH7oO1.js:62188:47
      at async Promise.all (index 3)
      at async TransformContext.transform (file:///Users/baruchmr/Desktop/React/react_01/node_modules/vite/dist/node/chunks/dep-V3BH7oO1.js:62109:13)
      at async Object.transform (file:///Users/baruchmr/Desktop/React/react_01/node_modules/vite/dist/node/chunks/dep-V3BH7oO1.js:64060:30)
      at async loadAndTransform (file:///Users/baruchmr/Desktop/React/react_01/node_modules/vite/dist/node/chunks/dep-V3BH7oO1.js:49741:29)
      at async viteTransformMiddleware (file:///Users/baruchmr/Desktop/React/react_01/node_modules/vite/dist/node/chunks/dep-V3BH7oO1.js:59342:32)
5:10:54 PM [vite] page reload src/App.jsx
5:10:54 PM [vite] Pre-transform error: Failed to resolve import "../" from "src/App.jsx". Does the file exist?
5:10:54 PM [vite] Internal server error: Failed to resolve import "../" from "src/App.jsx". Does the file exist?
  Plugin: vite:import-analysis
  File: /Users/baruchmr/Desktop/React/react_01/src/App.jsx:1:24
  15 |    window.$RefreshSig$ = RefreshRuntime.createSignatureFunctionForTransform;
  16 |  }
  17 |  import button from "../";
     |                      ^
  18 |  import reactLogo from "./assets/react.svg";
  19 |  import viteLogo from "/vite.svg";
      at formatError (file:///Users/baruchmr/Desktop/React/react_01/node_modules/vite/dist/node/chunks/dep-V3BH7oO1.js:63765:46)
      at TransformContext.error (file:///Users/baruchmr/Desktop/React/react_01/node_modules/vite/dist/node/chunks/dep-V3BH7oO1.js:63759:19)
      at normalizeUrl (file:///Users/baruchmr/Desktop/React/react_01/node_modules/vite/dist/node/chunks/dep-V3BH7oO1.js:62034:33)
      at process.processTicksAndRejections (node:internal/process/task_queues:95:5)
      at async file:///Users/baruchmr/Desktop/React/react_01/node_modules/vite/dist/node/chunks/dep-V3BH7oO1.js:62188:47
      at async Promise.all (index 3)
      at async TransformContext.transform (file:///Users/baruchmr/Desktop/React/react_01/node_modules/vite/dist/node/chunks/dep-V3BH7oO1.js:62109:13)
      at async Object.transform (file:///Users/baruchmr/Desktop/React/react_01/node_modules/vite/dist/node/chunks/dep-V3BH7oO1.js:64060:30)
      at async loadAndTransform (file:///Users/baruchmr/Desktop/React/react_01/node_modules/vite/dist/node/chunks/dep-V3BH7oO1.js:49741:29)
      at async viteTransformMiddleware (file:///Users/baruchmr/Desktop/React/react_01/node_modules/vite/dist/node/chunks/dep-V3BH7oO1.js:59342:32)
5:10:57 PM [vite] page reload src/App.jsx
5:10:57 PM [vite] Internal server error: Failed to resolve import "./" from "src/App.jsx". Does the file exist?
  Plugin: vite:import-analysis
  File: /Users/baruchmr/Desktop/React/react_01/src/App.jsx:1:23
  15 |    window.$RefreshSig$ = RefreshRuntime.createSignatureFunctionForTransform;
  16 |  }
  17 |  import button from "./";
     |                      ^
  18 |  import reactLogo from "./assets/react.svg";
  19 |  import viteLogo from "/vite.svg";
      at formatError (file:///Users/baruchmr/Desktop/React/react_01/node_modules/vite/dist/node/chunks/dep-V3BH7oO1.js:63765:46)
      at TransformContext.error (file:///Users/baruchmr/Desktop/React/react_01/node_modules/vite/dist/node/chunks/dep-V3BH7oO1.js:63759:19)
      at normalizeUrl (file:///Users/baruchmr/Desktop/React/react_01/node_modules/vite/dist/node/chunks/dep-V3BH7oO1.js:62034:33)
      at process.processTicksAndRejections (node:internal/process/task_queues:95:5)
      at async file:///Users/baruchmr/Desktop/React/react_01/node_modules/vite/dist/node/chunks/dep-V3BH7oO1.js:62188:47
      at async Promise.all (index 3)
      at async TransformContext.transform (file:///Users/baruchmr/Desktop/React/react_01/node_modules/vite/dist/node/chunks/dep-V3BH7oO1.js:62109:13)
      at async Object.transform (file:///Users/baruchmr/Desktop/React/react_01/node_modules/vite/dist/node/chunks/dep-V3BH7oO1.js:64060:30)
      at async loadAndTransform (file:///Users/baruchmr/Desktop/React/react_01/node_modules/vite/dist/node/chunks/dep-V3BH7oO1.js:49741:29)
5:10:57 PM [vite] Pre-transform error: Failed to resolve import "./" from "src/App.jsx". Does the file exist?
5:10:59 PM [vite] page reload src/App.jsx
5:10:59 PM [vite] Pre-transform error: Failed to resolve import "./componentes" from "src/App.jsx". Does the file exist?
5:10:59 PM [vite] Internal server error: Failed to resolve import "./componentes" from "src/App.jsx". Does the file exist?
  Plugin: vite:import-analysis
  File: /Users/baruchmr/Desktop/React/react_01/src/App.jsx:1:34
  15 |    window.$RefreshSig$ = RefreshRuntime.createSignatureFunctionForTransform;
  16 |  }
  17 |  import button from "./componentes";
     |                      ^
  18 |  import reactLogo from "./assets/react.svg";
  19 |  import viteLogo from "/vite.svg";
      at formatError (file:///Users/baruchmr/Desktop/React/react_01/node_modules/vite/dist/node/chunks/dep-V3BH7oO1.js:63765:46)
      at TransformContext.error (file:///Users/baruchmr/Desktop/React/react_01/node_modules/vite/dist/node/chunks/dep-V3BH7oO1.js:63759:19)
      at normalizeUrl (file:///Users/baruchmr/Desktop/React/react_01/node_modules/vite/dist/node/chunks/dep-V3BH7oO1.js:62034:33)
      at process.processTicksAndRejections (node:internal/process/task_queues:95:5)
      at async file:///Users/baruchmr/Desktop/React/react_01/node_modules/vite/dist/node/chunks/dep-V3BH7oO1.js:62188:47
      at async Promise.all (index 3)
      at async TransformContext.transform (file:///Users/baruchmr/Desktop/React/react_01/node_modules/vite/dist/node/chunks/dep-V3BH7oO1.js:62109:13)
      at async Object.transform (file:///Users/baruchmr/Desktop/React/react_01/node_modules/vite/dist/node/chunks/dep-V3BH7oO1.js:64060:30)
      at async loadAndTransform (file:///Users/baruchmr/Desktop/React/react_01/node_modules/vite/dist/node/chunks/dep-V3BH7oO1.js:49741:29)
      at async viteTransformMiddleware (file:///Users/baruchmr/Desktop/React/react_01/node_modules/vite/dist/node/chunks/dep-V3BH7oO1.js:59342:32)
5:11:02 PM [vite] page reload src/App.jsx
5:11:12 PM [vite] hmr update /src/App.jsx
5:11:19 PM [vite] hmr update /src/App.jsx (x2)
5:11:27 PM [vite] hmr update /src/App.jsx (x3)
5:11:27 PM [vite] Internal server error: /Users/baruchmr/Desktop/React/react_01/src/App.jsx: Unexpected token (24:8)

  22 |   </button> */}
  23 |         < button 
> 24 |         <p>
     |         ^
  25 |           Edit <code>src/App.jsx</code> and save to test HMR
  26 |         </p>
  27 |       </div>
  Plugin: vite:react-babel
  File: /Users/baruchmr/Desktop/React/react_01/src/App.jsx:24:8
  22 |    </button> */}
  23 |          < button 
  24 |          <p>
     |          ^
  25 |            Edit <code>src/App.jsx</code> and save to test HMR
  26 |          </p>
      at constructor (/Users/baruchmr/Desktop/React/react_01/node_modules/@babel/parser/lib/index.js:356:19)
      at JSXParserMixin.raise (/Users/baruchmr/Desktop/React/react_01/node_modules/@babel/parser/lib/index.js:3223:19)
      at JSXParserMixin.unexpected (/Users/baruchmr/Desktop/React/react_01/node_modules/@babel/parser/lib/index.js:3253:16)
      at JSXParserMixin.jsxParseIdentifier (/Users/baruchmr/Desktop/React/react_01/node_modules/@babel/parser/lib/index.js:6725:12)
      at JSXParserMixin.jsxParseNamespacedName (/Users/baruchmr/Desktop/React/react_01/node_modules/@babel/parser/lib/index.js:6732:23)
      at JSXParserMixin.jsxParseAttribute (/Users/baruchmr/Desktop/React/react_01/node_modules/@babel/parser/lib/index.js:6812:22)
      at JSXParserMixin.jsxParseOpeningElementAfterName (/Users/baruchmr/Desktop/React/react_01/node_modules/@babel/parser/lib/index.js:6827:28)
      at JSXParserMixin.jsxParseOpeningElementAt (/Users/baruchmr/Desktop/React/react_01/node_modules/@babel/parser/lib/index.js:6822:17)
      at JSXParserMixin.jsxParseElementAt (/Users/baruchmr/Desktop/React/react_01/node_modules/@babel/parser/lib/index.js:6846:33)
      at JSXParserMixin.jsxParseElementAt (/Users/baruchmr/Desktop/React/react_01/node_modules/@babel/parser/lib/index.js:6858:32)
      at JSXParserMixin.jsxParseElementAt (/Users/baruchmr/Desktop/React/react_01/node_modules/@babel/parser/lib/index.js:6858:32)
      at JSXParserMixin.jsxParseElement (/Users/baruchmr/Desktop/React/react_01/node_modules/@babel/parser/lib/index.js:6915:17)
      at JSXParserMixin.parseExprAtom (/Users/baruchmr/Desktop/React/react_01/node_modules/@babel/parser/lib/index.js:6927:19)
      at JSXParserMixin.parseExprSubscripts (/Users/baruchmr/Desktop/React/react_01/node_modules/@babel/parser/lib/index.js:10857:23)
      at JSXParserMixin.parseUpdate (/Users/baruchmr/Desktop/React/react_01/node_modules/@babel/parser/lib/index.js:10840:21)
      at JSXParserMixin.parseMaybeUnary (/Users/baruchmr/Desktop/React/react_01/node_modules/@babel/parser/lib/index.js:10816:23)
      at JSXParserMixin.parseMaybeUnaryOrPrivate (/Users/baruchmr/Desktop/React/react_01/node_modules/@babel/parser/lib/index.js:10654:61)
      at JSXParserMixin.parseExprOps (/Users/baruchmr/Desktop/React/react_01/node_modules/@babel/parser/lib/index.js:10659:23)
      at JSXParserMixin.parseMaybeConditional (/Users/baruchmr/Desktop/React/react_01/node_modules/@babel/parser/lib/index.js:10636:23)
      at JSXParserMixin.parseMaybeAssign (/Users/baruchmr/Desktop/React/react_01/node_modules/@babel/parser/lib/index.js:10597:21)
      at /Users/baruchmr/Desktop/React/react_01/node_modules/@babel/parser/lib/index.js:10567:39
      at JSXParserMixin.allowInAnd (/Users/baruchmr/Desktop/React/react_01/node_modules/@babel/parser/lib/index.js:12284:12)
      at JSXParserMixin.parseMaybeAssignAllowIn (/Users/baruchmr/Desktop/React/react_01/node_modules/@babel/parser/lib/index.js:10567:17)
      at JSXParserMixin.parseParenAndDistinguishExpression (/Users/baruchmr/Desktop/React/react_01/node_modules/@babel/parser/lib/index.js:11499:28)
      at JSXParserMixin.parseExprAtom (/Users/baruchmr/Desktop/React/react_01/node_modules/@babel/parser/lib/index.js:11137:23)
      at JSXParserMixin.parseExprAtom (/Users/baruchmr/Desktop/React/react_01/node_modules/@babel/parser/lib/index.js:6932:20)
      at JSXParserMixin.parseExprSubscripts (/Users/baruchmr/Desktop/React/react_01/node_modules/@babel/parser/lib/index.js:10857:23)
      at JSXParserMixin.parseUpdate (/Users/baruchmr/Desktop/React/react_01/node_modules/@babel/parser/lib/index.js:10840:21)
      at JSXParserMixin.parseMaybeUnary (/Users/baruchmr/Desktop/React/react_01/node_modules/@babel/parser/lib/index.js:10816:23)
      at JSXParserMixin.parseMaybeUnaryOrPrivate (/Users/baruchmr/Desktop/React/react_01/node_modules/@babel/parser/lib/index.js:10654:61)
      at JSXParserMixin.parseExprOps (/Users/baruchmr/Desktop/React/react_01/node_modules/@babel/parser/lib/index.js:10659:23)
      at JSXParserMixin.parseMaybeConditional (/Users/baruchmr/Desktop/React/react_01/node_modules/@babel/parser/lib/index.js:10636:23)
      at JSXParserMixin.parseMaybeAssign (/Users/baruchmr/Desktop/React/react_01/node_modules/@babel/parser/lib/index.js:10597:21)
      at JSXParserMixin.parseExpressionBase (/Users/baruchmr/Desktop/React/react_01/node_modules/@babel/parser/lib/index.js:10551:23)
      at /Users/baruchmr/Desktop/React/react_01/node_modules/@babel/parser/lib/index.js:10547:39
      at JSXParserMixin.allowInAnd (/Users/baruchmr/Desktop/React/react_01/node_modules/@babel/parser/lib/index.js:12279:16)
      at JSXParserMixin.parseExpression (/Users/baruchmr/Desktop/React/react_01/node_modules/@babel/parser/lib/index.js:10547:17)
      at JSXParserMixin.parseReturnStatement (/Users/baruchmr/Desktop/React/react_01/node_modules/@babel/parser/lib/index.js:13003:28)
      at JSXParserMixin.parseStatementContent (/Users/baruchmr/Desktop/React/react_01/node_modules/@babel/parser/lib/index.js:12621:21)
      at JSXParserMixin.parseStatementLike (/Users/baruchmr/Desktop/React/react_01/node_modules/@babel/parser/lib/index.js:12588:17)
      at JSXParserMixin.parseStatementListItem (/Users/baruchmr/Desktop/React/react_01/node_modules/@babel/parser/lib/index.js:12568:17)
      at JSXParserMixin.parseBlockOrModuleBlockBody (/Users/baruchmr/Desktop/React/react_01/node_modules/@babel/parser/lib/index.js:13189:61)
      at JSXParserMixin.parseBlockBody (/Users/baruchmr/Desktop/React/react_01/node_modules/@babel/parser/lib/index.js:13182:10)
      at JSXParserMixin.parseBlock (/Users/baruchmr/Desktop/React/react_01/node_modules/@babel/parser/lib/index.js:13170:10)
      at JSXParserMixin.parseFunctionBody (/Users/baruchmr/Desktop/React/react_01/node_modules/@babel/parser/lib/index.js:11935:24)
      at JSXParserMixin.parseFunctionBodyAndFinish (/Users/baruchmr/Desktop/React/react_01/node_modules/@babel/parser/lib/index.js:11921:10)
      at /Users/baruchmr/Desktop/React/react_01/node_modules/@babel/parser/lib/index.js:13318:12
      at JSXParserMixin.withSmartMixTopicForbiddingContext (/Users/baruchmr/Desktop/React/react_01/node_modules/@babel/parser/lib/index.js:12261:14)
      at JSXParserMixin.parseFunction (/Users/baruchmr/Desktop/React/react_01/node_modules/@babel/parser/lib/index.js:13317:10)
      at JSXParserMixin.parseFunctionStatement (/Users/baruchmr/Desktop/React/react_01/node_modules/@babel/parser/lib/index.js:12984:17)
5:11:30 PM [vite] hmr update /src/App.jsx
11:05:29 AM [vite] hmr update /src/App.jsx (x2)
11:05:31 AM [vite] hmr update /src/App.jsx (x3)
11:05:34 AM [vite] hmr update /src/App.jsx (x4)
^C
baruchmr@MacBook-Air-de-Baruch react_01 % 





















