Last login: Tue Jan  9 10:20:38 on ttys009
baruchmr@MacBook-Air-de-Baruch ~ % ls
Desktop		Downloads	Movies		Pictures
Documents	Library		Music		Public
baruchmr@MacBook-Air-de-Baruch ~ % cd desktop
baruchmr@MacBook-Air-de-Baruch desktop % ls
CH35			Ejercicios-funciones	HTML
CSS-Intro		Generation JS		JavaScript
CSS-proyecto		GitHub-Colaborativo	React
DeVortex		GitHubColab-Baruch
baruchmr@MacBook-Air-de-Baruch desktop % cd react
baruchmr@MacBook-Air-de-Baruch react % ls
Capturas de pantalla	react_02
react_01		react_03
baruchmr@MacBook-Air-de-Baruch react % cd react_03
baruchmr@MacBook-Air-de-Baruch react_03 % ls
README.md		package-lock.json	src
index.html		package.json		vite.config.js
node_modules		public
baruchmr@MacBook-Air-de-Baruch react_03 % npm create vite@latest
✔ Project name: … react_03
✔ Select a framework: › React
✔ Select a variant: › JavaScript

Scaffolding project in /Users/baruchmr/Desktop/React/react_03/react_03...

Done. Now run:

  cd react_03
  npm install
  npm run dev

baruchmr@MacBook-Air-de-Baruch react_03 % cd react_03
baruchmr@MacBook-Air-de-Baruch react_03 % sudo npm install
Password:

added 271 packages, and audited 272 packages in 9s

97 packages are looking for funding
  run `npm fund` for details

found 0 vulnerabilities
baruchmr@MacBook-Air-de-Baruch react_03 % sudo npm run dev

> react_03@0.0.0 dev
> vite

Port 5173 is in use, trying another one...

  VITE v5.0.11  ready in 378 ms

  ➜  Local:   http://localhost:5174/
  ➜  Network: use --host to expose
  ➜  press h + enter to show help
4:27:59 PM [vite] hmr update /src/App.css
4:27:59 PM [vite] hmr update /src/App.jsx
4:27:59 PM [vite] page reload src/assets/react.svg
4:27:59 PM [vite] hmr update /src/index.css
4:27:59 PM [vite] page reload src/main.jsx
4:27:59 PM [vite] vite.config.js changed, restarting server...
Re-optimizing dependencies because vite config has changed
(!) Could not auto-determine entry point from rollupOptions or html files and there are no explicit optimizeDeps.include patterns. Skipping dependency pre-bundling.
4:27:59 PM [vite] server restarted.
^C
baruchmr@MacBook-Air-de-Baruch react_03 % npm run dev
/usr/local/lib/node_modules/npm/lib/es6/validate-engines.js:31
    throw err
    ^

Error: EPERM: operation not permitted, uv_cwd
    at process.wrappedCwd (node:internal/bootstrap/switches/does_own_process_state:138:28)
    at process.cwd (/usr/local/lib/node_modules/npm/node_modules/graceful-fs/polyfills.js:10:19)
    at new Config (/usr/local/lib/node_modules/npm/node_modules/@npmcli/config/lib/index.js:96:19)
    at new Npm (/usr/local/lib/node_modules/npm/lib/npm.js:77:19)
    at module.exports (/usr/local/lib/node_modules/npm/lib/cli-entry.js:17:15)
    at module.exports (/usr/local/lib/node_modules/npm/lib/es6/validate-engines.js:39:10)
    at module.exports (/usr/local/lib/node_modules/npm/lib/cli.js:4:31)
    at Object.<anonymous> (/usr/local/lib/node_modules/npm/bin/npm-cli.js:2:25)
    at Module._compile (node:internal/modules/cjs/loader:1376:14)
    at Module._extensions..js (node:internal/modules/cjs/loader:1435:10) {
  errno: -1,
  code: 'EPERM',
  syscall: 'uv_cwd'
}

Node.js v20.10.0
baruchmr@MacBook-Air-de-Baruch react_03 % sudo npm run dev
Password:
/usr/local/lib/node_modules/npm/lib/es6/validate-engines.js:31
    throw err
    ^

Error: EPERM: operation not permitted, uv_cwd
    at process.wrappedCwd (node:internal/bootstrap/switches/does_own_process_state:138:28)
    at process.cwd (/usr/local/lib/node_modules/npm/node_modules/graceful-fs/polyfills.js:10:19)
    at new Config (/usr/local/lib/node_modules/npm/node_modules/@npmcli/config/lib/index.js:96:19)
    at new Npm (/usr/local/lib/node_modules/npm/lib/npm.js:77:19)
    at module.exports (/usr/local/lib/node_modules/npm/lib/cli-entry.js:17:15)
    at module.exports (/usr/local/lib/node_modules/npm/lib/es6/validate-engines.js:39:10)
    at module.exports (/usr/local/lib/node_modules/npm/lib/cli.js:4:31)
    at Object.<anonymous> (/usr/local/lib/node_modules/npm/bin/npm-cli.js:2:25)
    at Module._compile (node:internal/modules/cjs/loader:1376:14)
    at Module._extensions..js (node:internal/modules/cjs/loader:1435:10) {
  errno: -1,
  code: 'EPERM',
  syscall: 'uv_cwd'
}

Node.js v20.10.0
baruchmr@MacBook-Air-de-Baruch react_03 % ls
ls: .: Operation not permitted
baruchmr@MacBook-Air-de-Baruch react_03 % cd ..
baruchmr@MacBook-Air-de-Baruch .Trash % cd ..
baruchmr@MacBook-Air-de-Baruch ~ % ls
Desktop		Downloads	Movies		Pictures
Documents	Library		Music		Public
baruchmr@MacBook-Air-de-Baruch ~ % cd desktop
baruchmr@MacBook-Air-de-Baruch desktop % ls
CH35			Ejercicios-funciones	HTML
CSS-Intro		Generation JS		JavaScript
CSS-proyecto		GitHub-Colaborativo	React
DeVortex		GitHubColab-Baruch
baruchmr@MacBook-Air-de-Baruch desktop % cd react
baruchmr@MacBook-Air-de-Baruch react % ls
Capturas de pantalla	react_02
react_01		react_03
baruchmr@MacBook-Air-de-Baruch react % cd react_03
baruchmr@MacBook-Air-de-Baruch react_03 % sudo npm run dev

> react_02@0.0.0 dev
> vite

Re-optimizing dependencies because vite config has changed
Port 5173 is in use, trying another one...

  VITE v5.0.11  ready in 2177 ms

  ➜  Local:   http://localhost:5174/
  ➜  Network: use --host to expose
  ➜  press h + enter to show help
npm install @mui/material @emotion/react @emotion/styled

4:36:09 PM [vite] hmr update /src/App.jsx
4:36:09 PM [vite] Internal server error: /Users/baruchmr/Desktop/React/react_03/src/App.jsx: Unexpected keyword 'function'. (8:0)

   6 | import
   7 |
>  8 | function App() {
     | ^
   9 |   const imgFashion = "https://ng.jumia.is/unsafe/fit-in/300x300/filters:fill(white)/product/82/6142201/1.jpg?2933"
  10 |   const imgDark = "https://ng.jumia.is/unsafe/fit-in/300x300/filters:fill(white)/product/01/241417/1.jpg?6747"
  11 |   const imgCamel = "https://ng.jumia.is/unsafe/fit-in/300x300/filters:fill(white)/product/06/4410121/1.jpg?4437"
  Plugin: vite:react-babel
  File: /Users/baruchmr/Desktop/React/react_03/src/App.jsx:8:0
  6  |  import
  7  |  
  8  |  function App() {
     |  ^
  9  |    const imgFashion = "https://ng.jumia.is/unsafe/fit-in/300x300/filters:fill(white)/product/82/6142201/1.jpg?2933"
  10 |    const imgDark = "https://ng.jumia.is/unsafe/fit-in/300x300/filters:fill(white)/product/01/241417/1.jpg?6747"
      at constructor (/Users/baruchmr/Desktop/React/react_03/node_modules/@babel/parser/lib/index.js:356:19)
      at JSXParserMixin.raise (/Users/baruchmr/Desktop/React/react_03/node_modules/@babel/parser/lib/index.js:3223:19)
      at JSXParserMixin.checkReservedWord (/Users/baruchmr/Desktop/React/react_03/node_modules/@babel/parser/lib/index.js:12064:12)
      at JSXParserMixin.parseIdentifierName (/Users/baruchmr/Desktop/React/react_03/node_modules/@babel/parser/lib/index.js:12051:12)
      at JSXParserMixin.parseIdentifier (/Users/baruchmr/Desktop/React/react_03/node_modules/@babel/parser/lib/index.js:12026:23)
      at JSXParserMixin.parseImportSpecifierLocal (/Users/baruchmr/Desktop/React/react_03/node_modules/@babel/parser/lib/index.js:14171:28)
      at JSXParserMixin.maybeParseDefaultImportSpecifier (/Users/baruchmr/Desktop/React/react_03/node_modules/@babel/parser/lib/index.js:14296:12)
      at JSXParserMixin.parseImportSpecifiersAndAfter (/Users/baruchmr/Desktop/React/react_03/node_modules/@babel/parser/lib/index.js:14149:29)
      at JSXParserMixin.parseImport (/Users/baruchmr/Desktop/React/react_03/node_modules/@babel/parser/lib/index.js:14145:17)
      at JSXParserMixin.parseStatementContent (/Users/baruchmr/Desktop/React/react_03/node_modules/@babel/parser/lib/index.js:12710:27)
      at JSXParserMixin.parseStatementLike (/Users/baruchmr/Desktop/React/react_03/node_modules/@babel/parser/lib/index.js:12588:17)
      at JSXParserMixin.parseModuleItem (/Users/baruchmr/Desktop/React/react_03/node_modules/@babel/parser/lib/index.js:12565:17)
      at JSXParserMixin.parseBlockOrModuleBlockBody (/Users/baruchmr/Desktop/React/react_03/node_modules/@babel/parser/lib/index.js:13189:36)
      at JSXParserMixin.parseBlockBody (/Users/baruchmr/Desktop/React/react_03/node_modules/@babel/parser/lib/index.js:13182:10)
      at JSXParserMixin.parseProgram (/Users/baruchmr/Desktop/React/react_03/node_modules/@babel/parser/lib/index.js:12464:10)
      at JSXParserMixin.parseTopLevel (/Users/baruchmr/Desktop/React/react_03/node_modules/@babel/parser/lib/index.js:12454:25)
      at JSXParserMixin.parse (/Users/baruchmr/Desktop/React/react_03/node_modules/@babel/parser/lib/index.js:14376:10)
      at parse (/Users/baruchmr/Desktop/React/react_03/node_modules/@babel/parser/lib/index.js:14417:38)
      at parser (/Users/baruchmr/Desktop/React/react_03/node_modules/@babel/core/lib/parser/index.js:41:34)
      at parser.next (<anonymous>)
      at normalizeFile (/Users/baruchmr/Desktop/React/react_03/node_modules/@babel/core/lib/transformation/normalize-file.js:64:37)
      at normalizeFile.next (<anonymous>)
      at run (/Users/baruchmr/Desktop/React/react_03/node_modules/@babel/core/lib/transformation/index.js:21:50)
      at run.next (<anonymous>)
      at transform (/Users/baruchmr/Desktop/React/react_03/node_modules/@babel/core/lib/transform.js:22:33)
      at transform.next (<anonymous>)
      at step (/Users/baruchmr/Desktop/React/react_03/node_modules/gensync/index.js:261:32)
      at /Users/baruchmr/Desktop/React/react_03/node_modules/gensync/index.js:273:13
      at async.call.result.err.err (/Users/baruchmr/Desktop/React/react_03/node_modules/gensync/index.js:223:11)
      at /Users/baruchmr/Desktop/React/react_03/node_modules/gensync/index.js:189:28
      at /Users/baruchmr/Desktop/React/react_03/node_modules/@babel/core/lib/gensync-utils/async.js:67:7
      at /Users/baruchmr/Desktop/React/react_03/node_modules/gensync/index.js:113:33
      at step (/Users/baruchmr/Desktop/React/react_03/node_modules/gensync/index.js:287:14)
      at /Users/baruchmr/Desktop/React/react_03/node_modules/gensync/index.js:273:13
      at async.call.result.err.err (/Users/baruchmr/Desktop/React/react_03/node_modules/gensync/index.js:223:11)
4:36:16 PM [vite] hmr update /src/App.jsx
4:36:16 PM [vite] Internal server error: Failed to resolve import "." from "src/App.jsx". Does the file exist?
  Plugin: vite:import-analysis
  File: /Users/baruchmr/Desktop/React/react_03/src/App.jsx:6:17
  20 |  import Button from "./componentes/Button";
  21 |  import Products from "./componentes/Productos";
  22 |  import Card from ".";
     |                    ^
  23 |  function App() {
  24 |    const imgFashion = "https://ng.jumia.is/unsafe/fit-in/300x300/filters:fill(white)/product/82/6142201/1.jpg?2933";
      at formatError (file:///Users/baruchmr/Desktop/React/react_03/node_modules/vite/dist/node/chunks/dep-V3BH7oO1.js:63765:46)
      at TransformContext.error (file:///Users/baruchmr/Desktop/React/react_03/node_modules/vite/dist/node/chunks/dep-V3BH7oO1.js:63759:19)
      at normalizeUrl (file:///Users/baruchmr/Desktop/React/react_03/node_modules/vite/dist/node/chunks/dep-V3BH7oO1.js:62034:33)
      at process.processTicksAndRejections (node:internal/process/task_queues:95:5)
      at async file:///Users/baruchmr/Desktop/React/react_03/node_modules/vite/dist/node/chunks/dep-V3BH7oO1.js:62188:47
      at async Promise.all (index 8)
      at async TransformContext.transform (file:///Users/baruchmr/Desktop/React/react_03/node_modules/vite/dist/node/chunks/dep-V3BH7oO1.js:62109:13)
      at async Object.transform (file:///Users/baruchmr/Desktop/React/react_03/node_modules/vite/dist/node/chunks/dep-V3BH7oO1.js:64060:30)
      at async loadAndTransform (file:///Users/baruchmr/Desktop/React/react_03/node_modules/vite/dist/node/chunks/dep-V3BH7oO1.js:49741:29)
      at async viteTransformMiddleware (file:///Users/baruchmr/Desktop/React/react_03/node_modules/vite/dist/node/chunks/dep-V3BH7oO1.js:59342:32)
4:36:18 PM [vite] page reload src/App.jsx
4:36:18 PM [vite] Pre-transform error: Failed to resolve import "./" from "src/App.jsx". Does the file exist?
4:36:18 PM [vite] Internal server error: Failed to resolve import "./" from "src/App.jsx". Does the file exist?
  Plugin: vite:import-analysis
  File: /Users/baruchmr/Desktop/React/react_03/src/App.jsx:6:17
  20 |  import Button from "./componentes/Button";
  21 |  import Products from "./componentes/Productos";
  22 |  import Card from "./";
     |                    ^
  23 |  function App() {
  24 |    const imgFashion = "https://ng.jumia.is/unsafe/fit-in/300x300/filters:fill(white)/product/82/6142201/1.jpg?2933";
      at formatError (file:///Users/baruchmr/Desktop/React/react_03/node_modules/vite/dist/node/chunks/dep-V3BH7oO1.js:63765:46)
      at TransformContext.error (file:///Users/baruchmr/Desktop/React/react_03/node_modules/vite/dist/node/chunks/dep-V3BH7oO1.js:63759:19)
      at normalizeUrl (file:///Users/baruchmr/Desktop/React/react_03/node_modules/vite/dist/node/chunks/dep-V3BH7oO1.js:62034:33)
      at process.processTicksAndRejections (node:internal/process/task_queues:95:5)
      at async file:///Users/baruchmr/Desktop/React/react_03/node_modules/vite/dist/node/chunks/dep-V3BH7oO1.js:62188:47
      at async Promise.all (index 8)
      at async TransformContext.transform (file:///Users/baruchmr/Desktop/React/react_03/node_modules/vite/dist/node/chunks/dep-V3BH7oO1.js:62109:13)
      at async Object.transform (file:///Users/baruchmr/Desktop/React/react_03/node_modules/vite/dist/node/chunks/dep-V3BH7oO1.js:64060:30)
      at async loadAndTransform (file:///Users/baruchmr/Desktop/React/react_03/node_modules/vite/dist/node/chunks/dep-V3BH7oO1.js:49741:29)
      at async viteTransformMiddleware (file:///Users/baruchmr/Desktop/React/react_03/node_modules/vite/dist/node/chunks/dep-V3BH7oO1.js:59342:32)
4:36:20 PM [vite] page reload src/App.jsx
4:36:20 PM [vite] Pre-transform error: Failed to resolve import "./componentes" from "src/App.jsx". Does the file exist?
4:36:20 PM [vite] Internal server error: Failed to resolve import "./componentes" from "src/App.jsx". Does the file exist?
  Plugin: vite:import-analysis
  File: /Users/baruchmr/Desktop/React/react_03/src/App.jsx:6:17
  20 |  import Button from "./componentes/Button";
  21 |  import Products from "./componentes/Productos";
  22 |  import Card from "./componentes";
     |                    ^
  23 |  function App() {
  24 |    const imgFashion = "https://ng.jumia.is/unsafe/fit-in/300x300/filters:fill(white)/product/82/6142201/1.jpg?2933";
      at formatError (file:///Users/baruchmr/Desktop/React/react_03/node_modules/vite/dist/node/chunks/dep-V3BH7oO1.js:63765:46)
      at TransformContext.error (file:///Users/baruchmr/Desktop/React/react_03/node_modules/vite/dist/node/chunks/dep-V3BH7oO1.js:63759:19)
      at normalizeUrl (file:///Users/baruchmr/Desktop/React/react_03/node_modules/vite/dist/node/chunks/dep-V3BH7oO1.js:62034:33)
      at process.processTicksAndRejections (node:internal/process/task_queues:95:5)
      at async file:///Users/baruchmr/Desktop/React/react_03/node_modules/vite/dist/node/chunks/dep-V3BH7oO1.js:62188:47
      at async Promise.all (index 8)
      at async TransformContext.transform (file:///Users/baruchmr/Desktop/React/react_03/node_modules/vite/dist/node/chunks/dep-V3BH7oO1.js:62109:13)
      at async Object.transform (file:///Users/baruchmr/Desktop/React/react_03/node_modules/vite/dist/node/chunks/dep-V3BH7oO1.js:64060:30)
      at async loadAndTransform (file:///Users/baruchmr/Desktop/React/react_03/node_modules/vite/dist/node/chunks/dep-V3BH7oO1.js:49741:29)
      at async viteTransformMiddleware (file:///Users/baruchmr/Desktop/React/react_03/node_modules/vite/dist/node/chunks/dep-V3BH7oO1.js:59342:32)
4:36:22 PM [vite] page reload src/App.jsx
4:36:22 PM [vite] Pre-transform error: Failed to resolve import "./componentes/" from "src/App.jsx". Does the file exist?
4:36:22 PM [vite] Internal server error: Failed to resolve import "./componentes/" from "src/App.jsx". Does the file exist?
  Plugin: vite:import-analysis
  File: /Users/baruchmr/Desktop/React/react_03/src/App.jsx:6:17
  20 |  import Button from "./componentes/Button";
  21 |  import Products from "./componentes/Productos";
  22 |  import Card from "./componentes/";
     |                    ^
  23 |  function App() {
  24 |    const imgFashion = "https://ng.jumia.is/unsafe/fit-in/300x300/filters:fill(white)/product/82/6142201/1.jpg?2933";
      at formatError (file:///Users/baruchmr/Desktop/React/react_03/node_modules/vite/dist/node/chunks/dep-V3BH7oO1.js:63765:46)
      at TransformContext.error (file:///Users/baruchmr/Desktop/React/react_03/node_modules/vite/dist/node/chunks/dep-V3BH7oO1.js:63759:19)
      at normalizeUrl (file:///Users/baruchmr/Desktop/React/react_03/node_modules/vite/dist/node/chunks/dep-V3BH7oO1.js:62034:33)
      at process.processTicksAndRejections (node:internal/process/task_queues:95:5)
      at async file:///Users/baruchmr/Desktop/React/react_03/node_modules/vite/dist/node/chunks/dep-V3BH7oO1.js:62188:47
      at async Promise.all (index 8)
      at async TransformContext.transform (file:///Users/baruchmr/Desktop/React/react_03/node_modules/vite/dist/node/chunks/dep-V3BH7oO1.js:62109:13)
      at async Object.transform (file:///Users/baruchmr/Desktop/React/react_03/node_modules/vite/dist/node/chunks/dep-V3BH7oO1.js:64060:30)
      at async loadAndTransform (file:///Users/baruchmr/Desktop/React/react_03/node_modules/vite/dist/node/chunks/dep-V3BH7oO1.js:49741:29)
      at async viteTransformMiddleware (file:///Users/baruchmr/Desktop/React/react_03/node_modules/vite/dist/node/chunks/dep-V3BH7oO1.js:59342:32)
4:36:23 PM [vite] page reload src/App.jsx
^C
baruchmr@MacBook-Air-de-Baruch react_03 % npm install @mui/material @emotion/react @emotion/styled
npm ERR! code EEXIST
npm ERR! syscall mkdir
npm ERR! path /Users/baruchmr/.npm/_cacache/content-v2/sha512/48/9a
npm ERR! errno EEXIST
npm ERR! Invalid response body while trying to fetch https://registry.npmjs.org/@emotion%2freact: EACCES: permission denied, mkdir '/Users/baruchmr/.npm/_cacache/content-v2/sha512/48/9a'
npm ERR! File exists: /Users/baruchmr/.npm/_cacache/content-v2/sha512/48/9a
npm ERR! Remove the existing file and try again, or run npm
npm ERR! with --force to overwrite files recklessly.

npm ERR! A complete log of this run can be found in: /Users/baruchmr/.npm/_logs/2024-01-09T22_38_02_829Z-debug-0.log
baruchmr@MacBook-Air-de-Baruch react_03 % sudo npm install @mui/material @emotion/react @emotion/styled
Password:

added 51 packages, and audited 323 packages in 4s

107 packages are looking for funding
  run `npm fund` for details

found 0 vulnerabilities
baruchmr@MacBook-Air-de-Baruch react_03 % sudo npm install @mui/joy @emotion/react @emotion/styled

added 1 package, and audited 324 packages in 2s

108 packages are looking for funding
  run `npm fund` for details

found 0 vulnerabilities
baruchmr@MacBook-Air-de-Baruch react_03 % sudo npm run dev

> react_02@0.0.0 dev
> vite

Re-optimizing dependencies because lockfile has changed
Port 5173 is in use, trying another one...

  VITE v5.0.11  ready in 187 ms

  ➜  Local:   http://localhost:5174/
  ➜  Network: use --host to expose
  ➜  press h + enter to show help
4:46:39 PM [vite] hmr update /src/App.jsx
4:46:40 PM [vite] page reload src/App.jsx
4:46:40 PM [vite] Internal server error: Failed to resolve import "@mui/icons-material/Favorite" from "src/App.jsx". Does the file exist?
  Plugin: vite:import-analysis
  File: /Users/baruchmr/Desktop/React/react_03/src/App.jsx:10:21
  24 |  import IconButton from "@mui/joy/IconButton";
  25 |  import Link from "@mui/joy/Link";
  26 |  import Favorite from "@mui/icons-material/Favorite";
     |                        ^
  27 |  export default function MultipleInteractionCard() {
  28 |    return /* @__PURE__ */ jsxDEV(Card, { variant: "outlined", sx: { width: 320 }, children: [
      at formatError (file:///Users/baruchmr/Desktop/React/react_03/node_modules/vite/dist/node/chunks/dep-V3BH7oO1.js:63765:46)
      at TransformContext.error (file:///Users/baruchmr/Desktop/React/react_03/node_modules/vite/dist/node/chunks/dep-V3BH7oO1.js:63759:19)
      at normalizeUrl (file:///Users/baruchmr/Desktop/React/react_03/node_modules/vite/dist/node/chunks/dep-V3BH7oO1.js:62034:33)
      at process.processTicksAndRejections (node:internal/process/task_queues:95:5)
      at async file:///Users/baruchmr/Desktop/React/react_03/node_modules/vite/dist/node/chunks/dep-V3BH7oO1.js:62188:47
      at async Promise.all (index 12)
      at async TransformContext.transform (file:///Users/baruchmr/Desktop/React/react_03/node_modules/vite/dist/node/chunks/dep-V3BH7oO1.js:62109:13)
      at async Object.transform (file:///Users/baruchmr/Desktop/React/react_03/node_modules/vite/dist/node/chunks/dep-V3BH7oO1.js:64060:30)
      at async loadAndTransform (file:///Users/baruchmr/Desktop/React/react_03/node_modules/vite/dist/node/chunks/dep-V3BH7oO1.js:49741:29)
4:46:40 PM [vite] Pre-transform error: Failed to resolve import "@mui/icons-material/Favorite" from "src/App.jsx". Does the file exist?
4:46:41 PM [vite] ✨ new dependencies optimized: @mui/joy/IconButton, @mui/joy/Link
4:46:41 PM [vite] ✨ optimized dependencies changed. reloading
4:46:41 PM [vite] Pre-transform error: Failed to resolve import "@mui/icons-material/Favorite" from "src/App.jsx". Does the file exist?
4:46:41 PM [vite] Pre-transform error: Failed to resolve import "@mui/icons-material/Favorite" from "src/App.jsx". Does the file exist? (x2)
4:46:41 PM [vite] Internal server error: Failed to resolve import "@mui/icons-material/Favorite" from "src/App.jsx". Does the file exist?
  Plugin: vite:import-analysis
  File: /Users/baruchmr/Desktop/React/react_03/src/App.jsx:10:21
  24 |  import IconButton from "@mui/joy/IconButton";
  25 |  import Link from "@mui/joy/Link";
  26 |  import Favorite from "@mui/icons-material/Favorite";
     |                        ^
  27 |  export default function MultipleInteractionCard() {
  28 |    return /* @__PURE__ */ jsxDEV(Card, { variant: "outlined", sx: { width: 320 }, children: [
      at formatError (file:///Users/baruchmr/Desktop/React/react_03/node_modules/vite/dist/node/chunks/dep-V3BH7oO1.js:63765:46)
      at TransformContext.error (file:///Users/baruchmr/Desktop/React/react_03/node_modules/vite/dist/node/chunks/dep-V3BH7oO1.js:63759:19)
      at normalizeUrl (file:///Users/baruchmr/Desktop/React/react_03/node_modules/vite/dist/node/chunks/dep-V3BH7oO1.js:62034:33)
      at process.processTicksAndRejections (node:internal/process/task_queues:95:5)
      at async file:///Users/baruchmr/Desktop/React/react_03/node_modules/vite/dist/node/chunks/dep-V3BH7oO1.js:62188:47
      at async Promise.all (index 12)
      at async TransformContext.transform (file:///Users/baruchmr/Desktop/React/react_03/node_modules/vite/dist/node/chunks/dep-V3BH7oO1.js:62109:13)
      at async Object.transform (file:///Users/baruchmr/Desktop/React/react_03/node_modules/vite/dist/node/chunks/dep-V3BH7oO1.js:64060:30)
      at async loadAndTransform (file:///Users/baruchmr/Desktop/React/react_03/node_modules/vite/dist/node/chunks/dep-V3BH7oO1.js:49741:29)
      at async viteTransformMiddleware (file:///Users/baruchmr/Desktop/React/react_03/node_modules/vite/dist/node/chunks/dep-V3BH7oO1.js:59342:32)
4:47:13 PM [vite] page reload src/App.jsx
4:47:37 PM [vite] hmr update /src/App.jsx
4:47:37 PM [vite] Internal server error: Failed to resolve import "@mui/icons-material/Favorite" from "src/App.jsx". Does the file exist?
  Plugin: vite:import-analysis
  File: /Users/baruchmr/Desktop/React/react_03/src/App.jsx:10:21
  24 |  import IconButton from "@mui/joy/IconButton";
  25 |  import Link from "@mui/joy/Link";
  26 |  import Favorite from "@mui/icons-material/Favorite";
     |                        ^
  27 |  export default function MultipleInteractionCard() {
  28 |    return /* @__PURE__ */ jsxDEV(Card, { variant: "outlined", sx: { width: 320 }, children: [
      at formatError (file:///Users/baruchmr/Desktop/React/react_03/node_modules/vite/dist/node/chunks/dep-V3BH7oO1.js:63765:46)
      at TransformContext.error (file:///Users/baruchmr/Desktop/React/react_03/node_modules/vite/dist/node/chunks/dep-V3BH7oO1.js:63759:19)
      at normalizeUrl (file:///Users/baruchmr/Desktop/React/react_03/node_modules/vite/dist/node/chunks/dep-V3BH7oO1.js:62034:33)
      at process.processTicksAndRejections (node:internal/process/task_queues:95:5)
      at async file:///Users/baruchmr/Desktop/React/react_03/node_modules/vite/dist/node/chunks/dep-V3BH7oO1.js:62188:47
      at async Promise.all (index 12)
      at async TransformContext.transform (file:///Users/baruchmr/Desktop/React/react_03/node_modules/vite/dist/node/chunks/dep-V3BH7oO1.js:62109:13)
      at async Object.transform (file:///Users/baruchmr/Desktop/React/react_03/node_modules/vite/dist/node/chunks/dep-V3BH7oO1.js:64060:30)
      at async loadAndTransform (file:///Users/baruchmr/Desktop/React/react_03/node_modules/vite/dist/node/chunks/dep-V3BH7oO1.js:49741:29)
      at async viteTransformMiddleware (file:///Users/baruchmr/Desktop/React/react_03/node_modules/vite/dist/node/chunks/dep-V3BH7oO1.js:59342:32)
4:47:38 PM [vite] page reload src/App.jsx
4:47:40 PM [vite] hmr update /src/App.jsx
4:47:45 PM [vite] hmr update /src/App.jsx (x2)
4:47:45 PM [vite] Internal server error: Failed to resolve import "./componentes/" from "src/App.jsx". Does the file exist?
  Plugin: vite:import-analysis
  File: /Users/baruchmr/Desktop/React/react_03/src/App.jsx:6:17
  20 |  import Button from "./componentes/Button";
  21 |  import Products from "./componentes/Productos";
  22 |  import Card from "./componentes/";
     |                    ^
  23 |  function App() {
  24 |    const imgFashion = "https://ng.jumia.is/unsafe/fit-in/300x300/filters:fill(white)/product/82/6142201/1.jpg?2933";
      at formatError (file:///Users/baruchmr/Desktop/React/react_03/node_modules/vite/dist/node/chunks/dep-V3BH7oO1.js:63765:46)
      at TransformContext.error (file:///Users/baruchmr/Desktop/React/react_03/node_modules/vite/dist/node/chunks/dep-V3BH7oO1.js:63759:19)
      at normalizeUrl (file:///Users/baruchmr/Desktop/React/react_03/node_modules/vite/dist/node/chunks/dep-V3BH7oO1.js:62034:33)
      at process.processTicksAndRejections (node:internal/process/task_queues:95:5)
      at async file:///Users/baruchmr/Desktop/React/react_03/node_modules/vite/dist/node/chunks/dep-V3BH7oO1.js:62188:47
      at async Promise.all (index 8)
      at async TransformContext.transform (file:///Users/baruchmr/Desktop/React/react_03/node_modules/vite/dist/node/chunks/dep-V3BH7oO1.js:62109:13)
      at async Object.transform (file:///Users/baruchmr/Desktop/React/react_03/node_modules/vite/dist/node/chunks/dep-V3BH7oO1.js:64060:30)
      at async loadAndTransform (file:///Users/baruchmr/Desktop/React/react_03/node_modules/vite/dist/node/chunks/dep-V3BH7oO1.js:49741:29)
      at async viteTransformMiddleware (file:///Users/baruchmr/Desktop/React/react_03/node_modules/vite/dist/node/chunks/dep-V3BH7oO1.js:59342:32)
4:47:48 PM [vite] page reload src/App.jsx
4:47:49 PM [vite] Pre-transform error: Failed to resolve import "@mui/icons-material/Favorite" from "src/App.jsx". Does the file exist?
4:47:49 PM [vite] Pre-transform error: Failed to resolve import "@mui/icons-material/Favorite" from "src/App.jsx". Does the file exist? (x2)
4:47:49 PM [vite] Internal server error: Failed to resolve import "@mui/icons-material/Favorite" from "src/App.jsx". Does the file exist?
  Plugin: vite:import-analysis
  File: /Users/baruchmr/Desktop/React/react_03/src/App.jsx:10:21
  24 |  import IconButton from "@mui/joy/IconButton";
  25 |  import Link from "@mui/joy/Link";
  26 |  import Favorite from "@mui/icons-material/Favorite";
     |                        ^
  27 |  export default function MultipleInteractionCard() {
  28 |    return /* @__PURE__ */ jsxDEV(Card, { variant: "outlined", sx: { width: 320 }, children: [
      at formatError (file:///Users/baruchmr/Desktop/React/react_03/node_modules/vite/dist/node/chunks/dep-V3BH7oO1.js:63765:46)
      at TransformContext.error (file:///Users/baruchmr/Desktop/React/react_03/node_modules/vite/dist/node/chunks/dep-V3BH7oO1.js:63759:19)
      at normalizeUrl (file:///Users/baruchmr/Desktop/React/react_03/node_modules/vite/dist/node/chunks/dep-V3BH7oO1.js:62034:33)
      at process.processTicksAndRejections (node:internal/process/task_queues:95:5)
      at async file:///Users/baruchmr/Desktop/React/react_03/node_modules/vite/dist/node/chunks/dep-V3BH7oO1.js:62188:47
      at async Promise.all (index 12)
      at async TransformContext.transform (file:///Users/baruchmr/Desktop/React/react_03/node_modules/vite/dist/node/chunks/dep-V3BH7oO1.js:62109:13)
      at async Object.transform (file:///Users/baruchmr/Desktop/React/react_03/node_modules/vite/dist/node/chunks/dep-V3BH7oO1.js:64060:30)
      at async loadAndTransform (file:///Users/baruchmr/Desktop/React/react_03/node_modules/vite/dist/node/chunks/dep-V3BH7oO1.js:49741:29)
      at async viteTransformMiddleware (file:///Users/baruchmr/Desktop/React/react_03/node_modules/vite/dist/node/chunks/dep-V3BH7oO1.js:59342:32)
4:47:50 PM [vite] page reload src/App.jsx
4:50:14 PM [vite] hmr update /src/componentes/Card.jsx
4:50:14 PM [vite] Internal server error: Failed to resolve import "@mui/icons-material/Favorite" from "src/componentes/Card.jsx". Does the file exist?
  Plugin: vite:import-analysis
  File: /Users/baruchmr/Desktop/React/react_03/src/componentes/Card.jsx:10:21
  24 |  import IconButton from "@mui/joy/IconButton";
  25 |  import Link from "@mui/joy/Link";
  26 |  import Favorite from "@mui/icons-material/Favorite";
     |                        ^
  27 |  export default function MultipleInteractionCard() {
  28 |    return /* @__PURE__ */ jsxDEV(Card, { variant: "outlined", sx: { width: 320 }, children: [
      at formatError (file:///Users/baruchmr/Desktop/React/react_03/node_modules/vite/dist/node/chunks/dep-V3BH7oO1.js:63765:46)
      at TransformContext.error (file:///Users/baruchmr/Desktop/React/react_03/node_modules/vite/dist/node/chunks/dep-V3BH7oO1.js:63759:19)
      at normalizeUrl (file:///Users/baruchmr/Desktop/React/react_03/node_modules/vite/dist/node/chunks/dep-V3BH7oO1.js:62034:33)
      at process.processTicksAndRejections (node:internal/process/task_queues:95:5)
      at async file:///Users/baruchmr/Desktop/React/react_03/node_modules/vite/dist/node/chunks/dep-V3BH7oO1.js:62188:47
      at async Promise.all (index 12)
      at async TransformContext.transform (file:///Users/baruchmr/Desktop/React/react_03/node_modules/vite/dist/node/chunks/dep-V3BH7oO1.js:62109:13)
      at async Object.transform (file:///Users/baruchmr/Desktop/React/react_03/node_modules/vite/dist/node/chunks/dep-V3BH7oO1.js:64060:30)
      at async loadAndTransform (file:///Users/baruchmr/Desktop/React/react_03/node_modules/vite/dist/node/chunks/dep-V3BH7oO1.js:49741:29)
      at async viteTransformMiddleware (file:///Users/baruchmr/Desktop/React/react_03/node_modules/vite/dist/node/chunks/dep-V3BH7oO1.js:59342:32)
^C
baruchmr@MacBook-Air-de-Baruch react_03 % npm install @mui/icons-material
npm ERR! code EACCES
npm ERR! syscall mkdir
npm ERR! path /Users/baruchmr/Desktop/React/react_03/node_modules/@mui/icons-material
npm ERR! errno -13
npm ERR! Error: EACCES: permission denied, mkdir '/Users/baruchmr/Desktop/React/react_03/node_modules/@mui/icons-material'
npm ERR!  [Error: EACCES: permission denied, mkdir '/Users/baruchmr/Desktop/React/react_03/node_modules/@mui/icons-material'] {
npm ERR!   errno: -13,
npm ERR!   code: 'EACCES',
npm ERR!   syscall: 'mkdir',
npm ERR!   path: '/Users/baruchmr/Desktop/React/react_03/node_modules/@mui/icons-material'
npm ERR! }
npm ERR! 
npm ERR! The operation was rejected by your operating system.
npm ERR! It is likely you do not have the permissions to access this file as the current user
npm ERR! 
npm ERR! If you believe this might be a permissions issue, please double-check the
npm ERR! permissions of the file and its containing directories, or try running
npm ERR! the command again as root/Administrator.

npm ERR! A complete log of this run can be found in: /Users/baruchmr/.npm/_logs/2024-01-09T22_50_44_762Z-debug-0.log
baruchmr@MacBook-Air-de-Baruch react_03 % sudo npm install @mui/icons-material
Password:

added 1 package, and audited 325 packages in 3s

109 packages are looking for funding
  run `npm fund` for details

found 0 vulnerabilities
baruchmr@MacBook-Air-de-Baruch react_03 % sudo npm run dev

> react_02@0.0.0 dev
> vite

Re-optimizing dependencies because lockfile has changed
Port 5173 is in use, trying another one...

  VITE v5.0.11  ready in 191 ms

  ➜  Local:   http://localhost:5174/
  ➜  Network: use --host to expose
  ➜  press h + enter to show help
5:12:56 PM [vite] hmr update /src/App.jsx
5:12:56 PM [vite] Internal server error: /Users/baruchmr/Desktop/React/react_03/src/App.jsx: Unexpected token (9:0)

   7 | import Buttons from 
   8 |
>  9 | function App() {
     | ^
  10 |   const imgFashion = "https://ng.jumia.is/unsafe/fit-in/300x300/filters:fill(white)/product/82/6142201/1.jpg?2933"
  11 |   const imgDark = "https://ng.jumia.is/unsafe/fit-in/300x300/filters:fill(white)/product/01/241417/1.jpg?6747"
  12 |   const imgCamel = "https://ng.jumia.is/unsafe/fit-in/300x300/filters:fill(white)/product/06/4410121/1.jpg?4437"
  Plugin: vite:react-babel
  File: /Users/baruchmr/Desktop/React/react_03/src/App.jsx:9:0
  7  |  import Buttons from 
  8  |  
  9  |  function App() {
     |  ^
  10 |    const imgFashion = "https://ng.jumia.is/unsafe/fit-in/300x300/filters:fill(white)/product/82/6142201/1.jpg?2933"
  11 |    const imgDark = "https://ng.jumia.is/unsafe/fit-in/300x300/filters:fill(white)/product/01/241417/1.jpg?6747"
      at constructor (/Users/baruchmr/Desktop/React/react_03/node_modules/@babel/parser/lib/index.js:356:19)
      at JSXParserMixin.raise (/Users/baruchmr/Desktop/React/react_03/node_modules/@babel/parser/lib/index.js:3223:19)
      at JSXParserMixin.unexpected (/Users/baruchmr/Desktop/React/react_03/node_modules/@babel/parser/lib/index.js:3253:16)
      at JSXParserMixin.parseImportSource (/Users/baruchmr/Desktop/React/react_03/node_modules/@babel/parser/lib/index.js:14167:32)
      at JSXParserMixin.parseImportSourceAndAttributes (/Users/baruchmr/Desktop/React/react_03/node_modules/@babel/parser/lib/index.js:14159:24)
      at JSXParserMixin.parseImportSpecifiersAndAfter (/Users/baruchmr/Desktop/React/react_03/node_modules/@babel/parser/lib/index.js:14154:17)
      at JSXParserMixin.parseImport (/Users/baruchmr/Desktop/React/react_03/node_modules/@babel/parser/lib/index.js:14145:17)
      at JSXParserMixin.parseStatementContent (/Users/baruchmr/Desktop/React/react_03/node_modules/@babel/parser/lib/index.js:12710:27)
      at JSXParserMixin.parseStatementLike (/Users/baruchmr/Desktop/React/react_03/node_modules/@babel/parser/lib/index.js:12588:17)
      at JSXParserMixin.parseModuleItem (/Users/baruchmr/Desktop/React/react_03/node_modules/@babel/parser/lib/index.js:12565:17)
      at JSXParserMixin.parseBlockOrModuleBlockBody (/Users/baruchmr/Desktop/React/react_03/node_modules/@babel/parser/lib/index.js:13189:36)
      at JSXParserMixin.parseBlockBody (/Users/baruchmr/Desktop/React/react_03/node_modules/@babel/parser/lib/index.js:13182:10)
      at JSXParserMixin.parseProgram (/Users/baruchmr/Desktop/React/react_03/node_modules/@babel/parser/lib/index.js:12464:10)
      at JSXParserMixin.parseTopLevel (/Users/baruchmr/Desktop/React/react_03/node_modules/@babel/parser/lib/index.js:12454:25)
      at JSXParserMixin.parse (/Users/baruchmr/Desktop/React/react_03/node_modules/@babel/parser/lib/index.js:14376:10)
      at parse (/Users/baruchmr/Desktop/React/react_03/node_modules/@babel/parser/lib/index.js:14417:38)
      at parser (/Users/baruchmr/Desktop/React/react_03/node_modules/@babel/core/lib/parser/index.js:41:34)
      at parser.next (<anonymous>)
      at normalizeFile (/Users/baruchmr/Desktop/React/react_03/node_modules/@babel/core/lib/transformation/normalize-file.js:64:37)
      at normalizeFile.next (<anonymous>)
      at run (/Users/baruchmr/Desktop/React/react_03/node_modules/@babel/core/lib/transformation/index.js:21:50)
      at run.next (<anonymous>)
      at transform (/Users/baruchmr/Desktop/React/react_03/node_modules/@babel/core/lib/transform.js:22:33)
      at transform.next (<anonymous>)
      at step (/Users/baruchmr/Desktop/React/react_03/node_modules/gensync/index.js:261:32)
      at /Users/baruchmr/Desktop/React/react_03/node_modules/gensync/index.js:273:13
      at async.call.result.err.err (/Users/baruchmr/Desktop/React/react_03/node_modules/gensync/index.js:223:11)
      at /Users/baruchmr/Desktop/React/react_03/node_modules/gensync/index.js:189:28
      at /Users/baruchmr/Desktop/React/react_03/node_modules/@babel/core/lib/gensync-utils/async.js:67:7
      at /Users/baruchmr/Desktop/React/react_03/node_modules/gensync/index.js:113:33
      at step (/Users/baruchmr/Desktop/React/react_03/node_modules/gensync/index.js:287:14)
      at /Users/baruchmr/Desktop/React/react_03/node_modules/gensync/index.js:273:13
      at async.call.result.err.err (/Users/baruchmr/Desktop/React/react_03/node_modules/gensync/index.js:223:11)
5:13:00 PM [vite] hmr update /src/App.jsx
5:13:00 PM [vite] Internal server error: Failed to resolve import "./componentes" from "src/App.jsx". Does the file exist?
  Plugin: vite:import-analysis
  File: /Users/baruchmr/Desktop/React/react_03/src/App.jsx:7:20
  21 |  import Products from "./componentes/Productos";
  22 |  import Card from "./componentes/Card";
  23 |  import Buttons from "./componentes";
     |                       ^
  24 |  function App() {
  25 |    const imgFashion = "https://ng.jumia.is/unsafe/fit-in/300x300/filters:fill(white)/product/82/6142201/1.jpg?2933";
      at formatError (file:///Users/baruchmr/Desktop/React/react_03/node_modules/vite/dist/node/chunks/dep-V3BH7oO1.js:63765:46)
      at TransformContext.error (file:///Users/baruchmr/Desktop/React/react_03/node_modules/vite/dist/node/chunks/dep-V3BH7oO1.js:63759:19)
      at normalizeUrl (file:///Users/baruchmr/Desktop/React/react_03/node_modules/vite/dist/node/chunks/dep-V3BH7oO1.js:62034:33)
      at process.processTicksAndRejections (node:internal/process/task_queues:95:5)
      at async file:///Users/baruchmr/Desktop/React/react_03/node_modules/vite/dist/node/chunks/dep-V3BH7oO1.js:62188:47
      at async Promise.all (index 9)
      at async TransformContext.transform (file:///Users/baruchmr/Desktop/React/react_03/node_modules/vite/dist/node/chunks/dep-V3BH7oO1.js:62109:13)
      at async Object.transform (file:///Users/baruchmr/Desktop/React/react_03/node_modules/vite/dist/node/chunks/dep-V3BH7oO1.js:64060:30)
      at async loadAndTransform (file:///Users/baruchmr/Desktop/React/react_03/node_modules/vite/dist/node/chunks/dep-V3BH7oO1.js:49741:29)
      at async viteTransformMiddleware (file:///Users/baruchmr/Desktop/React/react_03/node_modules/vite/dist/node/chunks/dep-V3BH7oO1.js:59342:32)
5:13:01 PM [vite] page reload src/App.jsx
5:13:01 PM [vite] Pre-transform error: Failed to resolve import "./componentes/" from "src/App.jsx". Does the file exist?
5:13:01 PM [vite] Internal server error: Failed to resolve import "./componentes/" from "src/App.jsx". Does the file exist?
  Plugin: vite:import-analysis
  File: /Users/baruchmr/Desktop/React/react_03/src/App.jsx:7:20
  21 |  import Products from "./componentes/Productos";
  22 |  import Card from "./componentes/Card";
  23 |  import Buttons from "./componentes/";
     |                       ^
  24 |  function App() {
  25 |    const imgFashion = "https://ng.jumia.is/unsafe/fit-in/300x300/filters:fill(white)/product/82/6142201/1.jpg?2933";
      at formatError (file:///Users/baruchmr/Desktop/React/react_03/node_modules/vite/dist/node/chunks/dep-V3BH7oO1.js:63765:46)
      at TransformContext.error (file:///Users/baruchmr/Desktop/React/react_03/node_modules/vite/dist/node/chunks/dep-V3BH7oO1.js:63759:19)
      at normalizeUrl (file:///Users/baruchmr/Desktop/React/react_03/node_modules/vite/dist/node/chunks/dep-V3BH7oO1.js:62034:33)
      at process.processTicksAndRejections (node:internal/process/task_queues:95:5)
      at async file:///Users/baruchmr/Desktop/React/react_03/node_modules/vite/dist/node/chunks/dep-V3BH7oO1.js:62188:47
      at async Promise.all (index 9)
      at async TransformContext.transform (file:///Users/baruchmr/Desktop/React/react_03/node_modules/vite/dist/node/chunks/dep-V3BH7oO1.js:62109:13)
      at async Object.transform (file:///Users/baruchmr/Desktop/React/react_03/node_modules/vite/dist/node/chunks/dep-V3BH7oO1.js:64060:30)
      at async loadAndTransform (file:///Users/baruchmr/Desktop/React/react_03/node_modules/vite/dist/node/chunks/dep-V3BH7oO1.js:49741:29)
      at async viteTransformMiddleware (file:///Users/baruchmr/Desktop/React/react_03/node_modules/vite/dist/node/chunks/dep-V3BH7oO1.js:59342:32)
5:13:03 PM [vite] page reload src/App.jsx
5:13:03 PM [vite] ✨ new dependencies optimized: @mui/material/Button
5:13:03 PM [vite] ✨ optimized dependencies changed. reloading
5:13:13 PM [vite] hmr update /src/App.jsx
5:13:16 PM [vite] hmr update /src/App.jsx (x2)
5:13:20 PM [vite] hmr update /src/App.jsx (x3)
5:13:20 PM [vite] Internal server error: /Users/baruchmr/Desktop/React/react_03/src/App.jsx: Unexpected token (55:4)

  53 |     <Bu
  54 |
> 55 |     </>
     |     ^
  56 |   )
  57 | }
  58 |
  Plugin: vite:react-babel
  File: /Users/baruchmr/Desktop/React/react_03/src/App.jsx:55:4
  53 |      <Bu
  54 |  
  55 |      </>
     |      ^
  56 |    )
  57 |  }
      at constructor (/Users/baruchmr/Desktop/React/react_03/node_modules/@babel/parser/lib/index.js:356:19)
      at JSXParserMixin.raise (/Users/baruchmr/Desktop/React/react_03/node_modules/@babel/parser/lib/index.js:3223:19)
      at JSXParserMixin.unexpected (/Users/baruchmr/Desktop/React/react_03/node_modules/@babel/parser/lib/index.js:3253:16)
      at JSXParserMixin.jsxParseIdentifier (/Users/baruchmr/Desktop/React/react_03/node_modules/@babel/parser/lib/index.js:6725:12)
      at JSXParserMixin.jsxParseNamespacedName (/Users/baruchmr/Desktop/React/react_03/node_modules/@babel/parser/lib/index.js:6732:23)
      at JSXParserMixin.jsxParseAttribute (/Users/baruchmr/Desktop/React/react_03/node_modules/@babel/parser/lib/index.js:6812:22)
      at JSXParserMixin.jsxParseOpeningElementAfterName (/Users/baruchmr/Desktop/React/react_03/node_modules/@babel/parser/lib/index.js:6827:28)
      at JSXParserMixin.jsxParseOpeningElementAt (/Users/baruchmr/Desktop/React/react_03/node_modules/@babel/parser/lib/index.js:6822:17)
      at JSXParserMixin.jsxParseElementAt (/Users/baruchmr/Desktop/React/react_03/node_modules/@babel/parser/lib/index.js:6846:33)
      at JSXParserMixin.jsxParseElementAt (/Users/baruchmr/Desktop/React/react_03/node_modules/@babel/parser/lib/index.js:6858:32)
      at JSXParserMixin.jsxParseElement (/Users/baruchmr/Desktop/React/react_03/node_modules/@babel/parser/lib/index.js:6915:17)
      at JSXParserMixin.parseExprAtom (/Users/baruchmr/Desktop/React/react_03/node_modules/@babel/parser/lib/index.js:6927:19)
      at JSXParserMixin.parseExprSubscripts (/Users/baruchmr/Desktop/React/react_03/node_modules/@babel/parser/lib/index.js:10857:23)
      at JSXParserMixin.parseUpdate (/Users/baruchmr/Desktop/React/react_03/node_modules/@babel/parser/lib/index.js:10840:21)
      at JSXParserMixin.parseMaybeUnary (/Users/baruchmr/Desktop/React/react_03/node_modules/@babel/parser/lib/index.js:10816:23)
      at JSXParserMixin.parseMaybeUnaryOrPrivate (/Users/baruchmr/Desktop/React/react_03/node_modules/@babel/parser/lib/index.js:10654:61)
      at JSXParserMixin.parseExprOps (/Users/baruchmr/Desktop/React/react_03/node_modules/@babel/parser/lib/index.js:10659:23)
      at JSXParserMixin.parseMaybeConditional (/Users/baruchmr/Desktop/React/react_03/node_modules/@babel/parser/lib/index.js:10636:23)
      at JSXParserMixin.parseMaybeAssign (/Users/baruchmr/Desktop/React/react_03/node_modules/@babel/parser/lib/index.js:10597:21)
      at /Users/baruchmr/Desktop/React/react_03/node_modules/@babel/parser/lib/index.js:10567:39
      at JSXParserMixin.allowInAnd (/Users/baruchmr/Desktop/React/react_03/node_modules/@babel/parser/lib/index.js:12284:12)
      at JSXParserMixin.parseMaybeAssignAllowIn (/Users/baruchmr/Desktop/React/react_03/node_modules/@babel/parser/lib/index.js:10567:17)
      at JSXParserMixin.parseParenAndDistinguishExpression (/Users/baruchmr/Desktop/React/react_03/node_modules/@babel/parser/lib/index.js:11499:28)
      at JSXParserMixin.parseExprAtom (/Users/baruchmr/Desktop/React/react_03/node_modules/@babel/parser/lib/index.js:11137:23)
      at JSXParserMixin.parseExprAtom (/Users/baruchmr/Desktop/React/react_03/node_modules/@babel/parser/lib/index.js:6932:20)
      at JSXParserMixin.parseExprSubscripts (/Users/baruchmr/Desktop/React/react_03/node_modules/@babel/parser/lib/index.js:10857:23)
      at JSXParserMixin.parseUpdate (/Users/baruchmr/Desktop/React/react_03/node_modules/@babel/parser/lib/index.js:10840:21)
      at JSXParserMixin.parseMaybeUnary (/Users/baruchmr/Desktop/React/react_03/node_modules/@babel/parser/lib/index.js:10816:23)
      at JSXParserMixin.parseMaybeUnaryOrPrivate (/Users/baruchmr/Desktop/React/react_03/node_modules/@babel/parser/lib/index.js:10654:61)
      at JSXParserMixin.parseExprOps (/Users/baruchmr/Desktop/React/react_03/node_modules/@babel/parser/lib/index.js:10659:23)
      at JSXParserMixin.parseMaybeConditional (/Users/baruchmr/Desktop/React/react_03/node_modules/@babel/parser/lib/index.js:10636:23)
      at JSXParserMixin.parseMaybeAssign (/Users/baruchmr/Desktop/React/react_03/node_modules/@babel/parser/lib/index.js:10597:21)
      at JSXParserMixin.parseExpressionBase (/Users/baruchmr/Desktop/React/react_03/node_modules/@babel/parser/lib/index.js:10551:23)
      at /Users/baruchmr/Desktop/React/react_03/node_modules/@babel/parser/lib/index.js:10547:39
      at JSXParserMixin.allowInAnd (/Users/baruchmr/Desktop/React/react_03/node_modules/@babel/parser/lib/index.js:12279:16)
      at JSXParserMixin.parseExpression (/Users/baruchmr/Desktop/React/react_03/node_modules/@babel/parser/lib/index.js:10547:17)
      at JSXParserMixin.parseReturnStatement (/Users/baruchmr/Desktop/React/react_03/node_modules/@babel/parser/lib/index.js:13003:28)
      at JSXParserMixin.parseStatementContent (/Users/baruchmr/Desktop/React/react_03/node_modules/@babel/parser/lib/index.js:12621:21)
      at JSXParserMixin.parseStatementLike (/Users/baruchmr/Desktop/React/react_03/node_modules/@babel/parser/lib/index.js:12588:17)
      at JSXParserMixin.parseStatementListItem (/Users/baruchmr/Desktop/React/react_03/node_modules/@babel/parser/lib/index.js:12568:17)
      at JSXParserMixin.parseBlockOrModuleBlockBody (/Users/baruchmr/Desktop/React/react_03/node_modules/@babel/parser/lib/index.js:13189:61)
      at JSXParserMixin.parseBlockBody (/Users/baruchmr/Desktop/React/react_03/node_modules/@babel/parser/lib/index.js:13182:10)
      at JSXParserMixin.parseBlock (/Users/baruchmr/Desktop/React/react_03/node_modules/@babel/parser/lib/index.js:13170:10)
      at JSXParserMixin.parseFunctionBody (/Users/baruchmr/Desktop/React/react_03/node_modules/@babel/parser/lib/index.js:11935:24)
      at JSXParserMixin.parseFunctionBodyAndFinish (/Users/baruchmr/Desktop/React/react_03/node_modules/@babel/parser/lib/index.js:11921:10)
      at /Users/baruchmr/Desktop/React/react_03/node_modules/@babel/parser/lib/index.js:13318:12
      at JSXParserMixin.withSmartMixTopicForbiddingContext (/Users/baruchmr/Desktop/React/react_03/node_modules/@babel/parser/lib/index.js:12261:14)
      at JSXParserMixin.parseFunction (/Users/baruchmr/Desktop/React/react_03/node_modules/@babel/parser/lib/index.js:13317:10)
      at JSXParserMixin.parseFunctionStatement (/Users/baruchmr/Desktop/React/react_03/node_modules/@babel/parser/lib/index.js:12984:17)
      at JSXParserMixin.parseStatementContent (/Users/baruchmr/Desktop/React/react_03/node_modules/@babel/parser/lib/index.js:12614:21)
5:13:22 PM [vite] hmr update /src/App.jsx
5:13:22 PM [vite] Internal server error: /Users/baruchmr/Desktop/React/react_03/src/App.jsx: Unexpected token (55:4)

  53 |     <Buttons
  54 |
> 55 |     </>
     |     ^
  56 |   )
  57 | }
  58 |
  Plugin: vite:react-babel
  File: /Users/baruchmr/Desktop/React/react_03/src/App.jsx:55:4
  53 |      <Buttons
  54 |  
  55 |      </>
     |      ^
  56 |    )
  57 |  }
      at constructor (/Users/baruchmr/Desktop/React/react_03/node_modules/@babel/parser/lib/index.js:356:19)
      at JSXParserMixin.raise (/Users/baruchmr/Desktop/React/react_03/node_modules/@babel/parser/lib/index.js:3223:19)
      at JSXParserMixin.unexpected (/Users/baruchmr/Desktop/React/react_03/node_modules/@babel/parser/lib/index.js:3253:16)
      at JSXParserMixin.jsxParseIdentifier (/Users/baruchmr/Desktop/React/react_03/node_modules/@babel/parser/lib/index.js:6725:12)
      at JSXParserMixin.jsxParseNamespacedName (/Users/baruchmr/Desktop/React/react_03/node_modules/@babel/parser/lib/index.js:6732:23)
      at JSXParserMixin.jsxParseAttribute (/Users/baruchmr/Desktop/React/react_03/node_modules/@babel/parser/lib/index.js:6812:22)
      at JSXParserMixin.jsxParseOpeningElementAfterName (/Users/baruchmr/Desktop/React/react_03/node_modules/@babel/parser/lib/index.js:6827:28)
      at JSXParserMixin.jsxParseOpeningElementAt (/Users/baruchmr/Desktop/React/react_03/node_modules/@babel/parser/lib/index.js:6822:17)
      at JSXParserMixin.jsxParseElementAt (/Users/baruchmr/Desktop/React/react_03/node_modules/@babel/parser/lib/index.js:6846:33)
      at JSXParserMixin.jsxParseElementAt (/Users/baruchmr/Desktop/React/react_03/node_modules/@babel/parser/lib/index.js:6858:32)
      at JSXParserMixin.jsxParseElement (/Users/baruchmr/Desktop/React/react_03/node_modules/@babel/parser/lib/index.js:6915:17)
      at JSXParserMixin.parseExprAtom (/Users/baruchmr/Desktop/React/react_03/node_modules/@babel/parser/lib/index.js:6927:19)
      at JSXParserMixin.parseExprSubscripts (/Users/baruchmr/Desktop/React/react_03/node_modules/@babel/parser/lib/index.js:10857:23)
      at JSXParserMixin.parseUpdate (/Users/baruchmr/Desktop/React/react_03/node_modules/@babel/parser/lib/index.js:10840:21)
      at JSXParserMixin.parseMaybeUnary (/Users/baruchmr/Desktop/React/react_03/node_modules/@babel/parser/lib/index.js:10816:23)
      at JSXParserMixin.parseMaybeUnaryOrPrivate (/Users/baruchmr/Desktop/React/react_03/node_modules/@babel/parser/lib/index.js:10654:61)
      at JSXParserMixin.parseExprOps (/Users/baruchmr/Desktop/React/react_03/node_modules/@babel/parser/lib/index.js:10659:23)
      at JSXParserMixin.parseMaybeConditional (/Users/baruchmr/Desktop/React/react_03/node_modules/@babel/parser/lib/index.js:10636:23)
      at JSXParserMixin.parseMaybeAssign (/Users/baruchmr/Desktop/React/react_03/node_modules/@babel/parser/lib/index.js:10597:21)
      at /Users/baruchmr/Desktop/React/react_03/node_modules/@babel/parser/lib/index.js:10567:39
      at JSXParserMixin.allowInAnd (/Users/baruchmr/Desktop/React/react_03/node_modules/@babel/parser/lib/index.js:12284:12)
      at JSXParserMixin.parseMaybeAssignAllowIn (/Users/baruchmr/Desktop/React/react_03/node_modules/@babel/parser/lib/index.js:10567:17)
      at JSXParserMixin.parseParenAndDistinguishExpression (/Users/baruchmr/Desktop/React/react_03/node_modules/@babel/parser/lib/index.js:11499:28)
      at JSXParserMixin.parseExprAtom (/Users/baruchmr/Desktop/React/react_03/node_modules/@babel/parser/lib/index.js:11137:23)
      at JSXParserMixin.parseExprAtom (/Users/baruchmr/Desktop/React/react_03/node_modules/@babel/parser/lib/index.js:6932:20)
      at JSXParserMixin.parseExprSubscripts (/Users/baruchmr/Desktop/React/react_03/node_modules/@babel/parser/lib/index.js:10857:23)
      at JSXParserMixin.parseUpdate (/Users/baruchmr/Desktop/React/react_03/node_modules/@babel/parser/lib/index.js:10840:21)
      at JSXParserMixin.parseMaybeUnary (/Users/baruchmr/Desktop/React/react_03/node_modules/@babel/parser/lib/index.js:10816:23)
      at JSXParserMixin.parseMaybeUnaryOrPrivate (/Users/baruchmr/Desktop/React/react_03/node_modules/@babel/parser/lib/index.js:10654:61)
      at JSXParserMixin.parseExprOps (/Users/baruchmr/Desktop/React/react_03/node_modules/@babel/parser/lib/index.js:10659:23)
      at JSXParserMixin.parseMaybeConditional (/Users/baruchmr/Desktop/React/react_03/node_modules/@babel/parser/lib/index.js:10636:23)
      at JSXParserMixin.parseMaybeAssign (/Users/baruchmr/Desktop/React/react_03/node_modules/@babel/parser/lib/index.js:10597:21)
      at JSXParserMixin.parseExpressionBase (/Users/baruchmr/Desktop/React/react_03/node_modules/@babel/parser/lib/index.js:10551:23)
      at /Users/baruchmr/Desktop/React/react_03/node_modules/@babel/parser/lib/index.js:10547:39
      at JSXParserMixin.allowInAnd (/Users/baruchmr/Desktop/React/react_03/node_modules/@babel/parser/lib/index.js:12279:16)
      at JSXParserMixin.parseExpression (/Users/baruchmr/Desktop/React/react_03/node_modules/@babel/parser/lib/index.js:10547:17)
      at JSXParserMixin.parseReturnStatement (/Users/baruchmr/Desktop/React/react_03/node_modules/@babel/parser/lib/index.js:13003:28)
      at JSXParserMixin.parseStatementContent (/Users/baruchmr/Desktop/React/react_03/node_modules/@babel/parser/lib/index.js:12621:21)
      at JSXParserMixin.parseStatementLike (/Users/baruchmr/Desktop/React/react_03/node_modules/@babel/parser/lib/index.js:12588:17)
      at JSXParserMixin.parseStatementListItem (/Users/baruchmr/Desktop/React/react_03/node_modules/@babel/parser/lib/index.js:12568:17)
      at JSXParserMixin.parseBlockOrModuleBlockBody (/Users/baruchmr/Desktop/React/react_03/node_modules/@babel/parser/lib/index.js:13189:61)
      at JSXParserMixin.parseBlockBody (/Users/baruchmr/Desktop/React/react_03/node_modules/@babel/parser/lib/index.js:13182:10)
      at JSXParserMixin.parseBlock (/Users/baruchmr/Desktop/React/react_03/node_modules/@babel/parser/lib/index.js:13170:10)
      at JSXParserMixin.parseFunctionBody (/Users/baruchmr/Desktop/React/react_03/node_modules/@babel/parser/lib/index.js:11935:24)
      at JSXParserMixin.parseFunctionBodyAndFinish (/Users/baruchmr/Desktop/React/react_03/node_modules/@babel/parser/lib/index.js:11921:10)
      at /Users/baruchmr/Desktop/React/react_03/node_modules/@babel/parser/lib/index.js:13318:12
      at JSXParserMixin.withSmartMixTopicForbiddingContext (/Users/baruchmr/Desktop/React/react_03/node_modules/@babel/parser/lib/index.js:12261:14)
      at JSXParserMixin.parseFunction (/Users/baruchmr/Desktop/React/react_03/node_modules/@babel/parser/lib/index.js:13317:10)
      at JSXParserMixin.parseFunctionStatement (/Users/baruchmr/Desktop/React/react_03/node_modules/@babel/parser/lib/index.js:12984:17)
      at JSXParserMixin.parseStatementContent (/Users/baruchmr/Desktop/React/react_03/node_modules/@babel/parser/lib/index.js:12614:21)
5:13:23 PM [vite] hmr update /src/App.jsx
5:13:26 PM [vite] hmr update /src/App.jsx (x2)
5:13:26 PM [vite] Internal server error: /Users/baruchmr/Desktop/React/react_03/src/App.jsx: Unterminated JSX contents. (55:7)

  53 |     <Buttons>
  54 |
> 55 |     </>
     |        ^
  56 |   )
  57 | }
  58 |
  Plugin: vite:react-babel
  File: /Users/baruchmr/Desktop/React/react_03/src/App.jsx:55:7
  53 |      <Buttons>
  54 |  
  55 |      </>
     |         ^
  56 |    )
  57 |  }
      at constructor (/Users/baruchmr/Desktop/React/react_03/node_modules/@babel/parser/lib/index.js:356:19)
      at JSXParserMixin.raise (/Users/baruchmr/Desktop/React/react_03/node_modules/@babel/parser/lib/index.js:3223:19)
      at JSXParserMixin.jsxReadToken (/Users/baruchmr/Desktop/React/react_03/node_modules/@babel/parser/lib/index.js:6600:20)
      at JSXParserMixin.getTokenFromCode (/Users/baruchmr/Desktop/React/react_03/node_modules/@babel/parser/lib/index.js:6942:12)
      at JSXParserMixin.nextToken (/Users/baruchmr/Desktop/React/react_03/node_modules/@babel/parser/lib/index.js:2347:10)
      at JSXParserMixin.next (/Users/baruchmr/Desktop/React/react_03/node_modules/@babel/parser/lib/index.js:2258:10)
      at JSXParserMixin.eat (/Users/baruchmr/Desktop/React/react_03/node_modules/@babel/parser/lib/index.js:2262:12)
      at JSXParserMixin.jsxParseClosingElementAt (/Users/baruchmr/Desktop/React/react_03/node_modules/@babel/parser/lib/index.js:6836:14)
      at JSXParserMixin.jsxParseElementAt (/Users/baruchmr/Desktop/React/react_03/node_modules/@babel/parser/lib/index.js:6855:37)
      at JSXParserMixin.jsxParseElementAt (/Users/baruchmr/Desktop/React/react_03/node_modules/@babel/parser/lib/index.js:6858:32)
      at JSXParserMixin.jsxParseElement (/Users/baruchmr/Desktop/React/react_03/node_modules/@babel/parser/lib/index.js:6915:17)
      at JSXParserMixin.parseExprAtom (/Users/baruchmr/Desktop/React/react_03/node_modules/@babel/parser/lib/index.js:6927:19)
      at JSXParserMixin.parseExprSubscripts (/Users/baruchmr/Desktop/React/react_03/node_modules/@babel/parser/lib/index.js:10857:23)
      at JSXParserMixin.parseUpdate (/Users/baruchmr/Desktop/React/react_03/node_modules/@babel/parser/lib/index.js:10840:21)
      at JSXParserMixin.parseMaybeUnary (/Users/baruchmr/Desktop/React/react_03/node_modules/@babel/parser/lib/index.js:10816:23)
      at JSXParserMixin.parseMaybeUnaryOrPrivate (/Users/baruchmr/Desktop/React/react_03/node_modules/@babel/parser/lib/index.js:10654:61)
      at JSXParserMixin.parseExprOps (/Users/baruchmr/Desktop/React/react_03/node_modules/@babel/parser/lib/index.js:10659:23)
      at JSXParserMixin.parseMaybeConditional (/Users/baruchmr/Desktop/React/react_03/node_modules/@babel/parser/lib/index.js:10636:23)
      at JSXParserMixin.parseMaybeAssign (/Users/baruchmr/Desktop/React/react_03/node_modules/@babel/parser/lib/index.js:10597:21)
      at /Users/baruchmr/Desktop/React/react_03/node_modules/@babel/parser/lib/index.js:10567:39
      at JSXParserMixin.allowInAnd (/Users/baruchmr/Desktop/React/react_03/node_modules/@babel/parser/lib/index.js:12284:12)
      at JSXParserMixin.parseMaybeAssignAllowIn (/Users/baruchmr/Desktop/React/react_03/node_modules/@babel/parser/lib/index.js:10567:17)
      at JSXParserMixin.parseParenAndDistinguishExpression (/Users/baruchmr/Desktop/React/react_03/node_modules/@babel/parser/lib/index.js:11499:28)
      at JSXParserMixin.parseExprAtom (/Users/baruchmr/Desktop/React/react_03/node_modules/@babel/parser/lib/index.js:11137:23)
      at JSXParserMixin.parseExprAtom (/Users/baruchmr/Desktop/React/react_03/node_modules/@babel/parser/lib/index.js:6932:20)
      at JSXParserMixin.parseExprSubscripts (/Users/baruchmr/Desktop/React/react_03/node_modules/@babel/parser/lib/index.js:10857:23)
      at JSXParserMixin.parseUpdate (/Users/baruchmr/Desktop/React/react_03/node_modules/@babel/parser/lib/index.js:10840:21)
      at JSXParserMixin.parseMaybeUnary (/Users/baruchmr/Desktop/React/react_03/node_modules/@babel/parser/lib/index.js:10816:23)
      at JSXParserMixin.parseMaybeUnaryOrPrivate (/Users/baruchmr/Desktop/React/react_03/node_modules/@babel/parser/lib/index.js:10654:61)
      at JSXParserMixin.parseExprOps (/Users/baruchmr/Desktop/React/react_03/node_modules/@babel/parser/lib/index.js:10659:23)
      at JSXParserMixin.parseMaybeConditional (/Users/baruchmr/Desktop/React/react_03/node_modules/@babel/parser/lib/index.js:10636:23)
      at JSXParserMixin.parseMaybeAssign (/Users/baruchmr/Desktop/React/react_03/node_modules/@babel/parser/lib/index.js:10597:21)
      at JSXParserMixin.parseExpressionBase (/Users/baruchmr/Desktop/React/react_03/node_modules/@babel/parser/lib/index.js:10551:23)
      at /Users/baruchmr/Desktop/React/react_03/node_modules/@babel/parser/lib/index.js:10547:39
      at JSXParserMixin.allowInAnd (/Users/baruchmr/Desktop/React/react_03/node_modules/@babel/parser/lib/index.js:12279:16)
      at JSXParserMixin.parseExpression (/Users/baruchmr/Desktop/React/react_03/node_modules/@babel/parser/lib/index.js:10547:17)
      at JSXParserMixin.parseReturnStatement (/Users/baruchmr/Desktop/React/react_03/node_modules/@babel/parser/lib/index.js:13003:28)
      at JSXParserMixin.parseStatementContent (/Users/baruchmr/Desktop/React/react_03/node_modules/@babel/parser/lib/index.js:12621:21)
      at JSXParserMixin.parseStatementLike (/Users/baruchmr/Desktop/React/react_03/node_modules/@babel/parser/lib/index.js:12588:17)
      at JSXParserMixin.parseStatementListItem (/Users/baruchmr/Desktop/React/react_03/node_modules/@babel/parser/lib/index.js:12568:17)
      at JSXParserMixin.parseBlockOrModuleBlockBody (/Users/baruchmr/Desktop/React/react_03/node_modules/@babel/parser/lib/index.js:13189:61)
      at JSXParserMixin.parseBlockBody (/Users/baruchmr/Desktop/React/react_03/node_modules/@babel/parser/lib/index.js:13182:10)
      at JSXParserMixin.parseBlock (/Users/baruchmr/Desktop/React/react_03/node_modules/@babel/parser/lib/index.js:13170:10)
      at JSXParserMixin.parseFunctionBody (/Users/baruchmr/Desktop/React/react_03/node_modules/@babel/parser/lib/index.js:11935:24)
      at JSXParserMixin.parseFunctionBodyAndFinish (/Users/baruchmr/Desktop/React/react_03/node_modules/@babel/parser/lib/index.js:11921:10)
      at /Users/baruchmr/Desktop/React/react_03/node_modules/@babel/parser/lib/index.js:13318:12
      at JSXParserMixin.withSmartMixTopicForbiddingContext (/Users/baruchmr/Desktop/React/react_03/node_modules/@babel/parser/lib/index.js:12261:14)
      at JSXParserMixin.parseFunction (/Users/baruchmr/Desktop/React/react_03/node_modules/@babel/parser/lib/index.js:13317:10)
      at JSXParserMixin.parseFunctionStatement (/Users/baruchmr/Desktop/React/react_03/node_modules/@babel/parser/lib/index.js:12984:17)
      at JSXParserMixin.parseStatementContent (/Users/baruchmr/Desktop/React/react_03/node_modules/@babel/parser/lib/index.js:12614:21)
5:13:28 PM [vite] hmr update /src/App.jsx
5:13:28 PM [vite] Internal server error: /Users/baruchmr/Desktop/React/react_03/src/App.jsx: Unexpected token (55:4)

  53 |     <Buttons
  54 |
> 55 |     </>
     |     ^
  56 |   )
  57 | }
  58 |
  Plugin: vite:react-babel
  File: /Users/baruchmr/Desktop/React/react_03/src/App.jsx:55:4
  53 |      <Buttons
  54 |  
  55 |      </>
     |      ^
  56 |    )
  57 |  }
      at constructor (/Users/baruchmr/Desktop/React/react_03/node_modules/@babel/parser/lib/index.js:356:19)
      at JSXParserMixin.raise (/Users/baruchmr/Desktop/React/react_03/node_modules/@babel/parser/lib/index.js:3223:19)
      at JSXParserMixin.unexpected (/Users/baruchmr/Desktop/React/react_03/node_modules/@babel/parser/lib/index.js:3253:16)
      at JSXParserMixin.jsxParseIdentifier (/Users/baruchmr/Desktop/React/react_03/node_modules/@babel/parser/lib/index.js:6725:12)
      at JSXParserMixin.jsxParseNamespacedName (/Users/baruchmr/Desktop/React/react_03/node_modules/@babel/parser/lib/index.js:6732:23)
      at JSXParserMixin.jsxParseAttribute (/Users/baruchmr/Desktop/React/react_03/node_modules/@babel/parser/lib/index.js:6812:22)
      at JSXParserMixin.jsxParseOpeningElementAfterName (/Users/baruchmr/Desktop/React/react_03/node_modules/@babel/parser/lib/index.js:6827:28)
      at JSXParserMixin.jsxParseOpeningElementAt (/Users/baruchmr/Desktop/React/react_03/node_modules/@babel/parser/lib/index.js:6822:17)
      at JSXParserMixin.jsxParseElementAt (/Users/baruchmr/Desktop/React/react_03/node_modules/@babel/parser/lib/index.js:6846:33)
      at JSXParserMixin.jsxParseElementAt (/Users/baruchmr/Desktop/React/react_03/node_modules/@babel/parser/lib/index.js:6858:32)
      at JSXParserMixin.jsxParseElement (/Users/baruchmr/Desktop/React/react_03/node_modules/@babel/parser/lib/index.js:6915:17)
      at JSXParserMixin.parseExprAtom (/Users/baruchmr/Desktop/React/react_03/node_modules/@babel/parser/lib/index.js:6927:19)
      at JSXParserMixin.parseExprSubscripts (/Users/baruchmr/Desktop/React/react_03/node_modules/@babel/parser/lib/index.js:10857:23)
      at JSXParserMixin.parseUpdate (/Users/baruchmr/Desktop/React/react_03/node_modules/@babel/parser/lib/index.js:10840:21)
      at JSXParserMixin.parseMaybeUnary (/Users/baruchmr/Desktop/React/react_03/node_modules/@babel/parser/lib/index.js:10816:23)
      at JSXParserMixin.parseMaybeUnaryOrPrivate (/Users/baruchmr/Desktop/React/react_03/node_modules/@babel/parser/lib/index.js:10654:61)
      at JSXParserMixin.parseExprOps (/Users/baruchmr/Desktop/React/react_03/node_modules/@babel/parser/lib/index.js:10659:23)
      at JSXParserMixin.parseMaybeConditional (/Users/baruchmr/Desktop/React/react_03/node_modules/@babel/parser/lib/index.js:10636:23)
      at JSXParserMixin.parseMaybeAssign (/Users/baruchmr/Desktop/React/react_03/node_modules/@babel/parser/lib/index.js:10597:21)
      at /Users/baruchmr/Desktop/React/react_03/node_modules/@babel/parser/lib/index.js:10567:39
      at JSXParserMixin.allowInAnd (/Users/baruchmr/Desktop/React/react_03/node_modules/@babel/parser/lib/index.js:12284:12)
      at JSXParserMixin.parseMaybeAssignAllowIn (/Users/baruchmr/Desktop/React/react_03/node_modules/@babel/parser/lib/index.js:10567:17)
      at JSXParserMixin.parseParenAndDistinguishExpression (/Users/baruchmr/Desktop/React/react_03/node_modules/@babel/parser/lib/index.js:11499:28)
      at JSXParserMixin.parseExprAtom (/Users/baruchmr/Desktop/React/react_03/node_modules/@babel/parser/lib/index.js:11137:23)
      at JSXParserMixin.parseExprAtom (/Users/baruchmr/Desktop/React/react_03/node_modules/@babel/parser/lib/index.js:6932:20)
      at JSXParserMixin.parseExprSubscripts (/Users/baruchmr/Desktop/React/react_03/node_modules/@babel/parser/lib/index.js:10857:23)
      at JSXParserMixin.parseUpdate (/Users/baruchmr/Desktop/React/react_03/node_modules/@babel/parser/lib/index.js:10840:21)
      at JSXParserMixin.parseMaybeUnary (/Users/baruchmr/Desktop/React/react_03/node_modules/@babel/parser/lib/index.js:10816:23)
      at JSXParserMixin.parseMaybeUnaryOrPrivate (/Users/baruchmr/Desktop/React/react_03/node_modules/@babel/parser/lib/index.js:10654:61)
      at JSXParserMixin.parseExprOps (/Users/baruchmr/Desktop/React/react_03/node_modules/@babel/parser/lib/index.js:10659:23)
      at JSXParserMixin.parseMaybeConditional (/Users/baruchmr/Desktop/React/react_03/node_modules/@babel/parser/lib/index.js:10636:23)
      at JSXParserMixin.parseMaybeAssign (/Users/baruchmr/Desktop/React/react_03/node_modules/@babel/parser/lib/index.js:10597:21)
      at JSXParserMixin.parseExpressionBase (/Users/baruchmr/Desktop/React/react_03/node_modules/@babel/parser/lib/index.js:10551:23)
      at /Users/baruchmr/Desktop/React/react_03/node_modules/@babel/parser/lib/index.js:10547:39
      at JSXParserMixin.allowInAnd (/Users/baruchmr/Desktop/React/react_03/node_modules/@babel/parser/lib/index.js:12279:16)
      at JSXParserMixin.parseExpression (/Users/baruchmr/Desktop/React/react_03/node_modules/@babel/parser/lib/index.js:10547:17)
      at JSXParserMixin.parseReturnStatement (/Users/baruchmr/Desktop/React/react_03/node_modules/@babel/parser/lib/index.js:13003:28)
      at JSXParserMixin.parseStatementContent (/Users/baruchmr/Desktop/React/react_03/node_modules/@babel/parser/lib/index.js:12621:21)
      at JSXParserMixin.parseStatementLike (/Users/baruchmr/Desktop/React/react_03/node_modules/@babel/parser/lib/index.js:12588:17)
      at JSXParserMixin.parseStatementListItem (/Users/baruchmr/Desktop/React/react_03/node_modules/@babel/parser/lib/index.js:12568:17)
      at JSXParserMixin.parseBlockOrModuleBlockBody (/Users/baruchmr/Desktop/React/react_03/node_modules/@babel/parser/lib/index.js:13189:61)
      at JSXParserMixin.parseBlockBody (/Users/baruchmr/Desktop/React/react_03/node_modules/@babel/parser/lib/index.js:13182:10)
      at JSXParserMixin.parseBlock (/Users/baruchmr/Desktop/React/react_03/node_modules/@babel/parser/lib/index.js:13170:10)
      at JSXParserMixin.parseFunctionBody (/Users/baruchmr/Desktop/React/react_03/node_modules/@babel/parser/lib/index.js:11935:24)
      at JSXParserMixin.parseFunctionBodyAndFinish (/Users/baruchmr/Desktop/React/react_03/node_modules/@babel/parser/lib/index.js:11921:10)
      at /Users/baruchmr/Desktop/React/react_03/node_modules/@babel/parser/lib/index.js:13318:12
      at JSXParserMixin.withSmartMixTopicForbiddingContext (/Users/baruchmr/Desktop/React/react_03/node_modules/@babel/parser/lib/index.js:12261:14)
      at JSXParserMixin.parseFunction (/Users/baruchmr/Desktop/React/react_03/node_modules/@babel/parser/lib/index.js:13317:10)
      at JSXParserMixin.parseFunctionStatement (/Users/baruchmr/Desktop/React/react_03/node_modules/@babel/parser/lib/index.js:12984:17)
      at JSXParserMixin.parseStatementContent (/Users/baruchmr/Desktop/React/react_03/node_modules/@babel/parser/lib/index.js:12614:21)
5:13:31 PM [vite] hmr update /src/App.jsx
5:14:08 PM [vite] hmr update /src/App.jsx (x2)
5:14:29 PM [vite] hmr update /src/App.jsx (x3)
5:28:53 PM [vite] hmr update /src/App.jsx (x4)
5:29:01 PM [vite] hmr update /src/App.jsx (x5)
5:29:01 PM [vite] warning: The character ">" is not valid inside a JSX element
51 |  
52 |      <Card />
53 |      <br></br> />
   |                 ^
54 |      {/* <Buttons/> */}
55 |  

  Plugin: vite:esbuild
  File: /Users/baruchmr/Desktop/React/react_03/src/App.jsx
5:29:04 PM [vite] hmr update /src/App.jsx
5:29:14 PM [vite] hmr update /src/App.jsx (x2)
5:29:14 PM [vite] Internal server error: /Users/baruchmr/Desktop/React/react_03/src/App.jsx: Unterminated comment. (54:5)

  52 |     <Card />
  53 |     <br></br>
> 54 |     {/* <Buttons/>
     |      ^
  55 |
  56 |     </>
  57 |   )
  Plugin: vite:react-babel
  File: /Users/baruchmr/Desktop/React/react_03/src/App.jsx:54:5
  52 |      <Card />
  53 |      <br></br>
  54 |      {/* <Buttons/>
     |       ^
  55 |  
  56 |      </>
      at constructor (/Users/baruchmr/Desktop/React/react_03/node_modules/@babel/parser/lib/index.js:356:19)
      at JSXParserMixin.raise (/Users/baruchmr/Desktop/React/react_03/node_modules/@babel/parser/lib/index.js:3223:19)
      at JSXParserMixin.skipBlockComment (/Users/baruchmr/Desktop/React/react_03/node_modules/@babel/parser/lib/index.js:2355:18)
      at JSXParserMixin.skipSpace (/Users/baruchmr/Desktop/React/react_03/node_modules/@babel/parser/lib/index.js:2425:38)
      at JSXParserMixin.skipSpace (/Users/baruchmr/Desktop/React/react_03/node_modules/@babel/parser/lib/index.js:6937:42)
      at JSXParserMixin.nextToken (/Users/baruchmr/Desktop/React/react_03/node_modules/@babel/parser/lib/index.js:2340:10)
      at JSXParserMixin.next (/Users/baruchmr/Desktop/React/react_03/node_modules/@babel/parser/lib/index.js:2258:10)
      at JSXParserMixin.jsxParseElementAt (/Users/baruchmr/Desktop/React/react_03/node_modules/@babel/parser/lib/index.js:6867:20)
      at JSXParserMixin.jsxParseElement (/Users/baruchmr/Desktop/React/react_03/node_modules/@babel/parser/lib/index.js:6915:17)
      at JSXParserMixin.parseExprAtom (/Users/baruchmr/Desktop/React/react_03/node_modules/@babel/parser/lib/index.js:6927:19)
      at JSXParserMixin.parseExprSubscripts (/Users/baruchmr/Desktop/React/react_03/node_modules/@babel/parser/lib/index.js:10857:23)
      at JSXParserMixin.parseUpdate (/Users/baruchmr/Desktop/React/react_03/node_modules/@babel/parser/lib/index.js:10840:21)
      at JSXParserMixin.parseMaybeUnary (/Users/baruchmr/Desktop/React/react_03/node_modules/@babel/parser/lib/index.js:10816:23)
      at JSXParserMixin.parseMaybeUnaryOrPrivate (/Users/baruchmr/Desktop/React/react_03/node_modules/@babel/parser/lib/index.js:10654:61)
      at JSXParserMixin.parseExprOps (/Users/baruchmr/Desktop/React/react_03/node_modules/@babel/parser/lib/index.js:10659:23)
      at JSXParserMixin.parseMaybeConditional (/Users/baruchmr/Desktop/React/react_03/node_modules/@babel/parser/lib/index.js:10636:23)
      at JSXParserMixin.parseMaybeAssign (/Users/baruchmr/Desktop/React/react_03/node_modules/@babel/parser/lib/index.js:10597:21)
      at /Users/baruchmr/Desktop/React/react_03/node_modules/@babel/parser/lib/index.js:10567:39
      at JSXParserMixin.allowInAnd (/Users/baruchmr/Desktop/React/react_03/node_modules/@babel/parser/lib/index.js:12284:12)
      at JSXParserMixin.parseMaybeAssignAllowIn (/Users/baruchmr/Desktop/React/react_03/node_modules/@babel/parser/lib/index.js:10567:17)
      at JSXParserMixin.parseParenAndDistinguishExpression (/Users/baruchmr/Desktop/React/react_03/node_modules/@babel/parser/lib/index.js:11499:28)
      at JSXParserMixin.parseExprAtom (/Users/baruchmr/Desktop/React/react_03/node_modules/@babel/parser/lib/index.js:11137:23)
      at JSXParserMixin.parseExprAtom (/Users/baruchmr/Desktop/React/react_03/node_modules/@babel/parser/lib/index.js:6932:20)
      at JSXParserMixin.parseExprSubscripts (/Users/baruchmr/Desktop/React/react_03/node_modules/@babel/parser/lib/index.js:10857:23)
      at JSXParserMixin.parseUpdate (/Users/baruchmr/Desktop/React/react_03/node_modules/@babel/parser/lib/index.js:10840:21)
      at JSXParserMixin.parseMaybeUnary (/Users/baruchmr/Desktop/React/react_03/node_modules/@babel/parser/lib/index.js:10816:23)
      at JSXParserMixin.parseMaybeUnaryOrPrivate (/Users/baruchmr/Desktop/React/react_03/node_modules/@babel/parser/lib/index.js:10654:61)
      at JSXParserMixin.parseExprOps (/Users/baruchmr/Desktop/React/react_03/node_modules/@babel/parser/lib/index.js:10659:23)
      at JSXParserMixin.parseMaybeConditional (/Users/baruchmr/Desktop/React/react_03/node_modules/@babel/parser/lib/index.js:10636:23)
      at JSXParserMixin.parseMaybeAssign (/Users/baruchmr/Desktop/React/react_03/node_modules/@babel/parser/lib/index.js:10597:21)
      at JSXParserMixin.parseExpressionBase (/Users/baruchmr/Desktop/React/react_03/node_modules/@babel/parser/lib/index.js:10551:23)
      at /Users/baruchmr/Desktop/React/react_03/node_modules/@babel/parser/lib/index.js:10547:39
      at JSXParserMixin.allowInAnd (/Users/baruchmr/Desktop/React/react_03/node_modules/@babel/parser/lib/index.js:12279:16)
      at JSXParserMixin.parseExpression (/Users/baruchmr/Desktop/React/react_03/node_modules/@babel/parser/lib/index.js:10547:17)
      at JSXParserMixin.parseReturnStatement (/Users/baruchmr/Desktop/React/react_03/node_modules/@babel/parser/lib/index.js:13003:28)
      at JSXParserMixin.parseStatementContent (/Users/baruchmr/Desktop/React/react_03/node_modules/@babel/parser/lib/index.js:12621:21)
      at JSXParserMixin.parseStatementLike (/Users/baruchmr/Desktop/React/react_03/node_modules/@babel/parser/lib/index.js:12588:17)
      at JSXParserMixin.parseStatementListItem (/Users/baruchmr/Desktop/React/react_03/node_modules/@babel/parser/lib/index.js:12568:17)
      at JSXParserMixin.parseBlockOrModuleBlockBody (/Users/baruchmr/Desktop/React/react_03/node_modules/@babel/parser/lib/index.js:13189:61)
      at JSXParserMixin.parseBlockBody (/Users/baruchmr/Desktop/React/react_03/node_modules/@babel/parser/lib/index.js:13182:10)
      at JSXParserMixin.parseBlock (/Users/baruchmr/Desktop/React/react_03/node_modules/@babel/parser/lib/index.js:13170:10)
      at JSXParserMixin.parseFunctionBody (/Users/baruchmr/Desktop/React/react_03/node_modules/@babel/parser/lib/index.js:11935:24)
      at JSXParserMixin.parseFunctionBodyAndFinish (/Users/baruchmr/Desktop/React/react_03/node_modules/@babel/parser/lib/index.js:11921:10)
      at /Users/baruchmr/Desktop/React/react_03/node_modules/@babel/parser/lib/index.js:13318:12
      at JSXParserMixin.withSmartMixTopicForbiddingContext (/Users/baruchmr/Desktop/React/react_03/node_modules/@babel/parser/lib/index.js:12261:14)
      at JSXParserMixin.parseFunction (/Users/baruchmr/Desktop/React/react_03/node_modules/@babel/parser/lib/index.js:13317:10)
      at JSXParserMixin.parseFunctionStatement (/Users/baruchmr/Desktop/React/react_03/node_modules/@babel/parser/lib/index.js:12984:17)
      at JSXParserMixin.parseStatementContent (/Users/baruchmr/Desktop/React/react_03/node_modules/@babel/parser/lib/index.js:12614:21)
      at JSXParserMixin.parseStatementLike (/Users/baruchmr/Desktop/React/react_03/node_modules/@babel/parser/lib/index.js:12588:17)
      at JSXParserMixin.parseModuleItem (/Users/baruchmr/Desktop/React/react_03/node_modules/@babel/parser/lib/index.js:12565:17)
5:29:17 PM [vite] hmr update /src/App.jsx
5:29:51 PM [vite] hmr update /src/componentes/Buttons.jsx
5:29:51 PM [vite] ✨ new dependencies optimized: @mui/icons-material/Delete, @mui/icons-material/Send
5:29:51 PM [vite] ✨ optimized dependencies changed. reloading
5:29:52 PM [vite] hmr update /src/componentes/Buttons.jsx
5:30:06 PM [vite] hmr update /src/App.jsx
5:30:15 PM [vite] hmr update /src/App.jsx (x2)























